Parsing: /gadgetron/gadgets/mri_core/generic_recon_gadgets/GenericReconCartesianReferencePrepGadget.cpp
Parsing: /gadgetron/toolboxes/cmr/cmr_t1_mapping.cpp
Parsing: /gadgetron/gadgets/mri_core/generic_recon_gadgets/GenericReconKSpaceFilteringGadget.cpp
Parsing: /gadgetron/apps/standalone/gpu/mri/nfft/ms2d/nfft_main.cpp
Parsing: /gadgetron/gadgets/hyper/NFFT2DGadget.cpp
Parsing: /gadgetron/gadgets/interventional_mri/DeviceChannelSplitterGadget.cpp
Parsing: /gadgetron/gadgets/spiral/gpuSpiralSensePrepGadget.cpp
Parsing: /gadgetron/core/parallel/Merge.cpp
Parsing: /gadgetron/gadgets/pmri/gpuSbSenseGadget.cpp
Parsing: /gadgetron/apps/standalone/gpu/deblurring/3d/deblur_3d_sb.cpp
Parsing: /gadgetron/toolboxes/mri/pmri/gpu/htgrappa.cpp
Parsing: /gadgetron/gadgets/debugging/CplxDumpGadget.cpp
Parsing: /gadgetron/gadgets/cmr/CmrParametricT1SRMappingGadget.cpp
Parsing: /gadgetron/apps/standalone/cpu/registration/3d/register_CK_3d.cpp
Parsing: /gadgetron/apps/standalone/gpu/registration/2d/register_CK_2d.cpp
Parsing: /gadgetron/apps/standalone/gpu/mri/sense/noncartesian/radial/2d_golden_ratio/main_nlcg.cpp
Parsing: /gadgetron/test/hoNFFT_test.cpp
Parsing: /gadgetron/gadgets/debugging/ImageWriterGadget.cpp
Parsing: /gadgetron/test/mri_core_stream_test.cpp
Parsing: /gadgetron/gadgets/pmri/gpuCgKtSenseGadget.cpp
Parsing: /gadgetron/toolboxes/cmr/cmr_analytical_strain.cpp
Parsing: /gadgetron/gadgets/mri_core/ImageFinishGadget.cpp
Parsing: /gadgetron/apps/gadgetron/Server.cpp
Parsing: /gadgetron/core/readers/BufferReader.cpp
Parsing: /gadgetron/toolboxes/mri/pmri/gpu/cuSenseBuffer.cpp
Parsing: /gadgetron/toolboxes/nfft/cpu/hoNFFT.cpp
Parsing: /gadgetron/test/StorageSpaces_test.cpp
Parsing: /gadgetron/apps/standalone/gpu/mri/nfft/2d/main_sb.cpp
Parsing: /gadgetron/toolboxes/nfft/cpu/hoGriddingConvolution.cpp
Parsing: /gadgetron/gadgets/mri_core/dependencyquery/NoiseSummaryGadget.cpp
Parsing: /gadgetron/gadgets/mri_core/generic_recon_gadgets/GenericReconPartialFourierHandlingFilterGadget.cpp
Parsing: /gadgetron/gadgets/pmri/gpuGenericSensePrepGadget.cpp
Parsing: /gadgetron/core/writers/AcquisitionWriter.cpp
Parsing: /gadgetron/gadgets/mri_core/generic_recon_gadgets/GenericReconImageToImageArrayGadget.cpp
Parsing: /gadgetron/gadgets/pmri/gpuBufferSensePrepGadget.cpp
Parsing: /gadgetron/gadgets/mri_core/cpuisa.cpp
Parsing: /gadgetron/toolboxes/core/gpu/cudaDeviceManager.cpp
Parsing: /gadgetron/core/writers/BufferWriter.cpp
Parsing: /gadgetron/gadgets/cmr/CmrParametricT2MappingGadget.cpp
Parsing: /gadgetron/core/writers/AcquisitionBucketWriter.cpp
Parsing: /gadgetron/gadgets/mri_core/ScaleGadget.cpp
Parsing: /gadgetron/core/Process.cpp
Parsing: /gadgetron/apps/standalone/gpu/mri/nfft/ms2d/nffth_main.cpp
Parsing: /gadgetron/apps/gadgetron/connection/Handlers.cpp
Parsing: /gadgetron/test/cuNDArray_elemwise_test.cpp
Parsing: /gadgetron/gadgets/mri_core/FloatToFixPointGadget.cpp
Parsing: /gadgetron/apps/standalone/gpu/registration/3d/register_CK_3d.cpp
Parsing: /gadgetron/apps/gadgetron/connection/StreamConnection.cpp
Parsing: /gadgetron/apps/standalone/gpu/deblurring/2d/deblur_2d_cg.cpp
Parsing: /gadgetron/test/read_writer_test.cpp
Parsing: /gadgetron/core/readers/ImageReader.cpp
Parsing: /gadgetron/core/readers/TextReader.cpp
Parsing: /gadgetron/gadgets/mri_core/AccumulatorGadget.cpp
Parsing: /gadgetron/toolboxes/mri_core/mri_core_coil_map_estimation.cpp
Parsing: /gadgetron/test/cuNDFFT_test.cpp
Parsing: /gadgetron/toolboxes/cmr/cmr_ismrmrd_util.cpp
Parsing: /gadgetron/gadgets/grappa/Unmixing.cpp
Parsing: /gadgetron/apps/gadgetron/connection/nodes/distributed/Worker.cpp
Parsing: /gadgetron/toolboxes/core/cpu/hoMatrix.cpp
Parsing: /gadgetron/core/Channel.cpp
Parsing: /gadgetron/gadgets/pmri/gpuLALMSenseGadget.cpp
Parsing: /gadgetron/test/cuSDC_test.cpp
Parsing: /gadgetron/test/IsmrmrdContextVariables_test.cpp
Parsing: /gadgetron/gadgets/mri_core/CombineGadget.cpp
Parsing: /gadgetron/gadgets/gpu/cuFFTGadget.cpp
Parsing: /gadgetron/test/gadgets/FlagTriggerParsing_test.cpp
Parsing: /gadgetron/toolboxes/operators/cpu/hoSPIRITOperator.cpp
Parsing: /gadgetron/gadgets/mri_core/generic_recon_gadgets/GenericReconGadget.cpp
Parsing: /gadgetron/toolboxes/core/cpu/hostutils/parameterparser.cpp
Parsing: /gadgetron/apps/standalone/gpu/deblurring/3d/blur_3d.cpp
Parsing: /gadgetron/gadgets/grappa/AcquisitionFanout.cpp
Parsing: /gadgetron/gadgets/spiral/gpuSpiralDeblurGadget.cpp
Parsing: /gadgetron/gadgets/mri_core/generic_recon_gadgets/GenericReconFieldOfViewAdjustmentGadget.cpp
Parsing: /gadgetron/gadgets/mri_core/BucketToBufferGadget.cpp
Parsing: /gadgetron/gadgets/grappa/WeightsCalculator.cpp
Parsing: /gadgetron/gadgets/mri_core/readers/GadgetIsmrmrdReader.cpp
Parsing: /gadgetron/core/Message.cpp
Parsing: /gadgetron/apps/gadgetron/connection/Writers.cpp
Parsing: /gadgetron/gadgets/mri_core/ImageSortGadget.cpp
Parsing: /gadgetron/apps/gadgetron/connection/nodes/Distributed.cpp
Parsing: /gadgetron/gadgets/debugging/AcquisitionPassthroughGadget.cpp
Parsing: /gadgetron/apps/gadgetron/connection/HeaderConnection.cpp
Parsing: /gadgetron/toolboxes/mri_core/mri_core_partial_fourier.cpp
Parsing: /gadgetron/toolboxes/mri_core/mri_core_utility.cpp
Parsing: /gadgetron/gadgets/mri_noncartesian/CPUGriddingReconGadget.cpp
Parsing: /gadgetron/toolboxes/mri/pmri/gpu/cuBuffer.cpp
Parsing: /gadgetron/gadgets/debugging/WhiteNoiseInjectorGadget.cpp
Parsing: /gadgetron/toolboxes/cmr/cmr_strain_analysis.cpp
Parsing: /gadgetron/toolboxes/mri_core/mri_core_girf_correction.cpp
Parsing: /gadgetron/gadgets/epi/OneEncodingGadget.cpp
Parsing: /gadgetron/test/cuNDArray_utils_test.cpp
Parsing: /gadgetron/toolboxes/denoise/non_local_means.cpp
Parsing: /gadgetron/gadgets/mri_core/RemoveROOversamplingGadget.cpp
Parsing: /gadgetron/toolboxes/operators/cpu/hoSPIRIT2DTDataFidelityOperator.cpp
Parsing: /gadgetron/gadgets/plplot/NoiseCovariancePlottingGadget.cpp
Parsing: /gadgetron/gadgets/epi/EPIReconXGadget.cpp
Parsing: /gadgetron/gadgets/mri_noncartesian/NonCartesianTools.cpp
Parsing: /gadgetron/core/parallel/UnorderedMerge.cpp
Parsing: /gadgetron/test/cuNFFT_test.cpp
Parsing: /gadgetron/core/gadgetron_paths.cpp
Parsing: /gadgetron/toolboxes/plplot/GtPLplot.cpp
Parsing: /gadgetron/toolboxes/klt/cpu/hoNDKLT.cpp
Parsing: /gadgetron/gadgets/pmri/gpuNlcgSenseGadget.cpp
Parsing: /gadgetron/apps/standalone/gpu/denoising/2d/denoise_TV.cpp
Parsing: /gadgetron/toolboxes/mri/hyper/CSIOperator.cpp
Parsing: /gadgetron/toolboxes/mri_core/mri_core_spirit.cpp
Parsing: /gadgetron/gadgets/grappa/common/AcquisitionBuffer.cpp
Parsing: /gadgetron/core/Storage.cpp
Parsing: /gadgetron/gadgets/dicom/DicomFinishGadget.cpp
Parsing: /gadgetron/gadgets/mri_core/AugmentImageMetadataGadget.cpp
Parsing: /gadgetron/toolboxes/image_io/ImageIOBase.cpp
Parsing: /gadgetron/test/tests.cpp
Parsing: /gadgetron/toolboxes/mri/spiral/vds.cpp
Parsing: /gadgetron/apps/standalone/gpu/mri/nfft/2d/main_nffth.cpp
Parsing: /gadgetron/gadgets/mri_core/FFTGadget.cpp
Parsing: /gadgetron/gadgets/examples/AcquisitionWaveformBranch.cpp
Parsing: /gadgetron/gadgets/pmri/gpuOsSenseGadget.cpp
Parsing: /gadgetron/gadgets/mri_core/generic_recon_gadgets/GenericReconAccumulateImageTriggerGadget.cpp
Parsing: /gadgetron/test/cmr_thickening_test.cpp
Parsing: /gadgetron/toolboxes/operators/cpu/hoWavelet2DTOperator.cpp
Parsing: /gadgetron/test/curveFitting_test.cpp
Parsing: /gadgetron/test/core_test.cpp
Parsing: /gadgetron/test/hoNDArray_utils_test.cpp
Parsing: /gadgetron/toolboxes/registration/optical_flow/cpu/hoCKOpticalFlowSolver.cpp
Parsing: /gadgetron/gadgets/mri_core/ImageArraySplitGadget.cpp
Parsing: /gadgetron/gadgets/T1/T1MocoGadget.cpp
Parsing: /gadgetron/core/distributed/BufferDistributor.cpp
Parsing: /gadgetron/apps/standalone/gpu/deblurring/2d/deblur_2d_sb.cpp
Parsing: /gadgetron/gadgets/mri_core/dependencyquery/DependencyQueryWriter.cpp
Parsing: /gadgetron/toolboxes/cmr/cmr_time_stamp.cpp
Parsing: /gadgetron/gadgets/mri_core/CompressedFloatBufferAvx2.cpp
Parsing: /gadgetron/apps/standalone/cpu/registration/2d/register_CK_2d.cpp
Parsing: /gadgetron/gadgets/moco/gpuRegistrationScatteringGadget.cpp
Parsing: /gadgetron/toolboxes/operators/cpu/hoMotionCompensation2DTOperator.cpp
Parsing: /gadgetron/test/nhlbi_compression_tests.cpp
Parsing: /gadgetron/toolboxes/core/gpu/CUBLASContextProvider.cpp
Parsing: /gadgetron/toolboxes/nfft/cpu/ConvolutionMatrix.cpp
Parsing: /gadgetron/apps/standalone/gpu/registration/2d/register_CGHS_2d.cpp
Parsing: /gadgetron/toolboxes/cmr/cmr_parametric_mapping.cpp
Parsing: /gadgetron/toolboxes/deblur/MFIOperator.cpp
Parsing: /gadgetron/gadgets/mri_core/generic_recon_gadgets/GenericReconEigenChannelGadget.cpp
Parsing: /gadgetron/apps/standalone/cpu/registration/2d/register_HS_2d.cpp
Parsing: /gadgetron/apps/gadgetron/connection/nodes/Stream.cpp
Parsing: /gadgetron/gadgets/mri_core/CompressedFloatBuffer.cpp
Parsing: /gadgetron/toolboxes/T1/t1fit.cpp
Parsing: /gadgetron/gadgets/pmri/gpuSenseGadget.cpp
Parsing: /gadgetron/toolboxes/cmr/cmr_image_container_util.cpp
Parsing: /gadgetron/core/readers/IsmrmrdImageArrayReader.cpp
Parsing: /gadgetron/gadgets/mri_core/generic_recon_gadgets/GenericReconCartesianSpiritGadget.cpp
Parsing: /gadgetron/apps/gadgetron/connection/nodes/external/Python.cpp
Parsing: /gadgetron/toolboxes/cmr/cmr_t2_mapping.cpp
Analyzing: /gadgetron/gadgets/mri_core/generic_recon_gadgets/GenericReconCartesianReferencePrepGadget.cpp
Analyzing: /gadgetron/toolboxes/cmr/cmr_t1_mapping.cpp
Analyzing: /gadgetron/gadgets/mri_core/generic_recon_gadgets/GenericReconKSpaceFilteringGadget.cpp
Analyzing: /gadgetron/apps/standalone/gpu/mri/nfft/ms2d/nfft_main.cpp
Analyzing: /gadgetron/gadgets/hyper/NFFT2DGadget.cpp
Analyzing: /gadgetron/gadgets/interventional_mri/DeviceChannelSplitterGadget.cpp
Analyzing: /gadgetron/gadgets/spiral/gpuSpiralSensePrepGadget.cpp
Analyzing: /gadgetron/core/parallel/Merge.cpp
Analyzing: /gadgetron/gadgets/pmri/gpuSbSenseGadget.cpp
Analyzing: /gadgetron/apps/standalone/gpu/deblurring/3d/deblur_3d_sb.cpp
Analyzing: /gadgetron/toolboxes/mri/pmri/gpu/htgrappa.cpp
Analyzing: /gadgetron/gadgets/debugging/CplxDumpGadget.cpp
Analyzing: /gadgetron/gadgets/cmr/CmrParametricT1SRMappingGadget.cpp
Analyzing: /gadgetron/apps/standalone/cpu/registration/3d/register_CK_3d.cpp
Analyzing: /gadgetron/apps/standalone/gpu/registration/2d/register_CK_2d.cpp
Analyzing: /gadgetron/apps/standalone/gpu/mri/sense/noncartesian/radial/2d_golden_ratio/main_nlcg.cpp
Analyzing: /gadgetron/test/hoNFFT_test.cpp
Analyzing: /gadgetron/gadgets/debugging/ImageWriterGadget.cpp
Analyzing: /gadgetron/test/mri_core_stream_test.cpp
Analyzing: /gadgetron/gadgets/pmri/gpuCgKtSenseGadget.cpp
Analyzing: /gadgetron/toolboxes/cmr/cmr_analytical_strain.cpp
Analyzing: /gadgetron/gadgets/mri_core/ImageFinishGadget.cpp
Analyzing: /gadgetron/apps/gadgetron/Server.cpp
Analyzing: /gadgetron/core/readers/BufferReader.cpp
Analyzing: /gadgetron/toolboxes/mri/pmri/gpu/cuSenseBuffer.cpp
Analyzing: /gadgetron/toolboxes/nfft/cpu/hoNFFT.cpp
Analyzing: /gadgetron/test/StorageSpaces_test.cpp
Analyzing: /gadgetron/apps/standalone/gpu/mri/nfft/2d/main_sb.cpp
Analyzing: /gadgetron/toolboxes/nfft/cpu/hoGriddingConvolution.cpp
Analyzing: /gadgetron/gadgets/mri_core/dependencyquery/NoiseSummaryGadget.cpp
Analyzing: /gadgetron/gadgets/mri_core/generic_recon_gadgets/GenericReconPartialFourierHandlingFilterGadget.cpp
Analyzing: /gadgetron/gadgets/pmri/gpuGenericSensePrepGadget.cpp
Analyzing: /gadgetron/core/writers/AcquisitionWriter.cpp
Analyzing: /gadgetron/gadgets/mri_core/generic_recon_gadgets/GenericReconImageToImageArrayGadget.cpp
Analyzing: /gadgetron/gadgets/pmri/gpuBufferSensePrepGadget.cpp
Analyzing: /gadgetron/gadgets/mri_core/cpuisa.cpp
Analyzing: /gadgetron/toolboxes/core/gpu/cudaDeviceManager.cpp
Analyzing: /gadgetron/core/writers/BufferWriter.cpp
Analyzing: /gadgetron/gadgets/cmr/CmrParametricT2MappingGadget.cpp
Analyzing: /gadgetron/core/writers/AcquisitionBucketWriter.cpp
Analyzing: /gadgetron/gadgets/mri_core/ScaleGadget.cpp
Analyzing: /gadgetron/core/Process.cpp
Analyzing: /gadgetron/apps/standalone/gpu/mri/nfft/ms2d/nffth_main.cpp
Analyzing: /gadgetron/apps/gadgetron/connection/Handlers.cpp
Analyzing: /gadgetron/test/cuNDArray_elemwise_test.cpp
Analyzing: /gadgetron/gadgets/mri_core/FloatToFixPointGadget.cpp
Analyzing: /gadgetron/apps/standalone/gpu/registration/3d/register_CK_3d.cpp
Analyzing: /gadgetron/apps/gadgetron/connection/StreamConnection.cpp
Analyzing: /gadgetron/apps/standalone/gpu/deblurring/2d/deblur_2d_cg.cpp
Analyzing: /gadgetron/test/read_writer_test.cpp
Analyzing: /gadgetron/core/readers/ImageReader.cpp
Analyzing: /gadgetron/core/readers/TextReader.cpp
Analyzing: /gadgetron/gadgets/mri_core/AccumulatorGadget.cpp
Analyzing: /gadgetron/toolboxes/mri_core/mri_core_coil_map_estimation.cpp
Analyzing: /gadgetron/test/cuNDFFT_test.cpp
Analyzing: /gadgetron/toolboxes/cmr/cmr_ismrmrd_util.cpp
Analyzing: /gadgetron/gadgets/grappa/Unmixing.cpp
Analyzing: /gadgetron/apps/gadgetron/connection/nodes/distributed/Worker.cpp
Analyzing: /gadgetron/toolboxes/core/cpu/hoMatrix.cpp
Analyzing: /gadgetron/core/Channel.cpp
Analyzing: /gadgetron/gadgets/pmri/gpuLALMSenseGadget.cpp
Analyzing: /gadgetron/test/cuSDC_test.cpp
Analyzing: /gadgetron/test/IsmrmrdContextVariables_test.cpp
Analyzing: /gadgetron/gadgets/mri_core/CombineGadget.cpp
Analyzing: /gadgetron/gadgets/gpu/cuFFTGadget.cpp
Analyzing: /gadgetron/test/gadgets/FlagTriggerParsing_test.cpp
Analyzing: /gadgetron/toolboxes/operators/cpu/hoSPIRITOperator.cpp
Analyzing: /gadgetron/gadgets/mri_core/generic_recon_gadgets/GenericReconGadget.cpp
Analyzing: /gadgetron/toolboxes/core/cpu/hostutils/parameterparser.cpp
Analyzing: /gadgetron/apps/standalone/gpu/deblurring/3d/blur_3d.cpp
Analyzing: /gadgetron/gadgets/grappa/AcquisitionFanout.cpp
Analyzing: /gadgetron/gadgets/spiral/gpuSpiralDeblurGadget.cpp
Analyzing: /gadgetron/gadgets/mri_core/generic_recon_gadgets/GenericReconFieldOfViewAdjustmentGadget.cpp
Analyzing: /gadgetron/gadgets/mri_core/BucketToBufferGadget.cpp
Analyzing: /gadgetron/gadgets/grappa/WeightsCalculator.cpp
Analyzing: /gadgetron/gadgets/mri_core/readers/GadgetIsmrmrdReader.cpp
Analyzing: /gadgetron/core/Message.cpp
Analyzing: /gadgetron/apps/gadgetron/connection/Writers.cpp
Analyzing: /gadgetron/gadgets/mri_core/ImageSortGadget.cpp
Analyzing: /gadgetron/apps/gadgetron/connection/nodes/Distributed.cpp
Analyzing: /gadgetron/gadgets/debugging/AcquisitionPassthroughGadget.cpp
Analyzing: /gadgetron/apps/gadgetron/connection/HeaderConnection.cpp
Analyzing: /gadgetron/toolboxes/mri_core/mri_core_partial_fourier.cpp
Analyzing: /gadgetron/toolboxes/mri_core/mri_core_utility.cpp
Analyzing: /gadgetron/gadgets/mri_noncartesian/CPUGriddingReconGadget.cpp
Analyzing: /gadgetron/toolboxes/mri/pmri/gpu/cuBuffer.cpp
Analyzing: /gadgetron/gadgets/debugging/WhiteNoiseInjectorGadget.cpp
Analyzing: /gadgetron/toolboxes/cmr/cmr_strain_analysis.cpp
Analyzing: /gadgetron/toolboxes/mri_core/mri_core_girf_correction.cpp
Analyzing: /gadgetron/gadgets/epi/OneEncodingGadget.cpp
Analyzing: /gadgetron/test/cuNDArray_utils_test.cpp
Analyzing: /gadgetron/toolboxes/denoise/non_local_means.cpp
Analyzing: /gadgetron/gadgets/mri_core/RemoveROOversamplingGadget.cpp
Analyzing: /gadgetron/toolboxes/operators/cpu/hoSPIRIT2DTDataFidelityOperator.cpp
Analyzing: /gadgetron/gadgets/plplot/NoiseCovariancePlottingGadget.cpp
Analyzing: /gadgetron/gadgets/epi/EPIReconXGadget.cpp
Analyzing: /gadgetron/gadgets/mri_noncartesian/NonCartesianTools.cpp
Analyzing: /gadgetron/core/parallel/UnorderedMerge.cpp
Analyzing: /gadgetron/test/cuNFFT_test.cpp
Analyzing: /gadgetron/core/gadgetron_paths.cpp
Analyzing: /gadgetron/toolboxes/plplot/GtPLplot.cpp
Analyzing: /gadgetron/toolboxes/klt/cpu/hoNDKLT.cpp
Analyzing: /gadgetron/gadgets/pmri/gpuNlcgSenseGadget.cpp
Analyzing: /gadgetron/apps/standalone/gpu/denoising/2d/denoise_TV.cpp
Analyzing: /gadgetron/toolboxes/mri/hyper/CSIOperator.cpp
Analyzing: /gadgetron/toolboxes/mri_core/mri_core_spirit.cpp
Analyzing: /gadgetron/gadgets/grappa/common/AcquisitionBuffer.cpp
Analyzing: /gadgetron/core/Storage.cpp
Analyzing: /gadgetron/gadgets/dicom/DicomFinishGadget.cpp
Analyzing: /gadgetron/gadgets/mri_core/AugmentImageMetadataGadget.cpp
Analyzing: /gadgetron/toolboxes/image_io/ImageIOBase.cpp
Analyzing: /gadgetron/test/tests.cpp
Analyzing: /gadgetron/toolboxes/mri/spiral/vds.cpp
Analyzing: /gadgetron/apps/standalone/gpu/mri/nfft/2d/main_nffth.cpp
Analyzing: /gadgetron/gadgets/mri_core/FFTGadget.cpp
Analyzing: /gadgetron/gadgets/examples/AcquisitionWaveformBranch.cpp
Analyzing: /gadgetron/gadgets/pmri/gpuOsSenseGadget.cpp
Analyzing: /gadgetron/gadgets/mri_core/generic_recon_gadgets/GenericReconAccumulateImageTriggerGadget.cpp
Analyzing: /gadgetron/test/cmr_thickening_test.cpp
Analyzing: /gadgetron/toolboxes/operators/cpu/hoWavelet2DTOperator.cpp
Analyzing: /gadgetron/test/curveFitting_test.cpp
Analyzing: /gadgetron/test/core_test.cpp
Analyzing: /gadgetron/test/hoNDArray_utils_test.cpp
Analyzing: /gadgetron/toolboxes/registration/optical_flow/cpu/hoCKOpticalFlowSolver.cpp
Analyzing: /gadgetron/gadgets/mri_core/ImageArraySplitGadget.cpp
Analyzing: /gadgetron/gadgets/T1/T1MocoGadget.cpp
Analyzing: /gadgetron/core/distributed/BufferDistributor.cpp
Analyzing: /gadgetron/apps/standalone/gpu/deblurring/2d/deblur_2d_sb.cpp
Analyzing: /gadgetron/gadgets/mri_core/dependencyquery/DependencyQueryWriter.cpp
Analyzing: /gadgetron/toolboxes/cmr/cmr_time_stamp.cpp
Analyzing: /gadgetron/gadgets/mri_core/CompressedFloatBufferAvx2.cpp
Analyzing: /gadgetron/apps/standalone/cpu/registration/2d/register_CK_2d.cpp
Analyzing: /gadgetron/gadgets/moco/gpuRegistrationScatteringGadget.cpp
Analyzing: /gadgetron/toolboxes/operators/cpu/hoMotionCompensation2DTOperator.cpp
Analyzing: /gadgetron/test/nhlbi_compression_tests.cpp
Analyzing: /gadgetron/toolboxes/core/gpu/CUBLASContextProvider.cpp
Analyzing: /gadgetron/toolboxes/nfft/cpu/ConvolutionMatrix.cpp
Analyzing: /gadgetron/apps/standalone/gpu/registration/2d/register_CGHS_2d.cpp
Analyzing: /gadgetron/toolboxes/cmr/cmr_parametric_mapping.cpp
Analyzing: /gadgetron/toolboxes/deblur/MFIOperator.cpp
Analyzing: /gadgetron/gadgets/mri_core/generic_recon_gadgets/GenericReconEigenChannelGadget.cpp
Analyzing: /gadgetron/apps/standalone/cpu/registration/2d/register_HS_2d.cpp
Analyzing: /gadgetron/apps/gadgetron/connection/nodes/Stream.cpp
Analyzing: /gadgetron/gadgets/mri_core/CompressedFloatBuffer.cpp
Analyzing: /gadgetron/toolboxes/T1/t1fit.cpp
Analyzing: /gadgetron/gadgets/pmri/gpuSenseGadget.cpp
Analyzing: /gadgetron/toolboxes/cmr/cmr_image_container_util.cpp
Analyzing: /gadgetron/core/readers/IsmrmrdImageArrayReader.cpp
Analyzing: /gadgetron/gadgets/mri_core/generic_recon_gadgets/GenericReconCartesianSpiritGadget.cpp
Analyzing: /gadgetron/apps/gadgetron/connection/nodes/external/Python.cpp
Analyzing: /gadgetron/toolboxes/cmr/cmr_t2_mapping.cpp
Parsing: /gadgetron/gadgets/cmr/CmrParametricMappingGadget.cpp
Analyzing: /gadgetron/gadgets/cmr/CmrParametricMappingGadget.cpp
Parsing: /gadgetron/gadgets/mri_core/generic_recon_gadgets/GenericReconPartialFourierHandlingGadget.cpp
Analyzing: /gadgetron/gadgets/mri_core/generic_recon_gadgets/GenericReconPartialFourierHandlingGadget.cpp
Parsing: /gadgetron/apps/gadgetron/main.cpp
Analyzing: /gadgetron/apps/gadgetron/main.cpp
Parsing: /gadgetron/test/hoNDArray_reductions_test.cpp
Analyzing: /gadgetron/test/hoNDArray_reductions_test.cpp
Parsing: /gadgetron/core/distributed/Distributor.cpp
Analyzing: /gadgetron/core/distributed/Distributor.cpp
Parsing: /gadgetron/core/io/from_string.cpp
Analyzing: /gadgetron/core/io/from_string.cpp
Parsing: /gadgetron/toolboxes/nfft/cpu/hoNFFTOperator.cpp
Analyzing: /gadgetron/toolboxes/nfft/cpu/hoNFFTOperator.cpp
Parsing: /gadgetron/apps/gadgetron/connection/Core.cpp
Analyzing: /gadgetron/apps/gadgetron/connection/Core.cpp
Parsing: /gadgetron/test/from_string_test.cpp
Analyzing: /gadgetron/test/from_string_test.cpp
Parsing: /gadgetron/toolboxes/operators/cpu/hoSPIRIT3DOperator.cpp
Analyzing: /gadgetron/toolboxes/operators/cpu/hoSPIRIT3DOperator.cpp
Parsing: /gadgetron/gadgets/mri_core/AsymmetricEchoAdjustROGadget.cpp
Analyzing: /gadgetron/gadgets/mri_core/AsymmetricEchoAdjustROGadget.cpp
Parsing: /gadgetron/gadgets/epi/CutXGadget.cpp
Analyzing: /gadgetron/gadgets/epi/CutXGadget.cpp
Parsing: /gadgetron/toolboxes/operators/cpu/hoSPIRIT2DTOperator.cpp
Analyzing: /gadgetron/toolboxes/operators/cpu/hoSPIRIT2DTOperator.cpp
Parsing: /gadgetron/toolboxes/core/cpu/math/cpp_blas.cpp
Analyzing: /gadgetron/toolboxes/core/cpu/math/cpp_blas.cpp
Parsing: /gadgetron/test/ChannelAlgorithmsTest.cpp
Analyzing: /gadgetron/test/ChannelAlgorithmsTest.cpp
Parsing: /gadgetron/gadgets/mri_core/ImageFFTGadget.cpp
Analyzing: /gadgetron/gadgets/mri_core/ImageFFTGadget.cpp
Parsing: /gadgetron/apps/gadgetron/connection/nodes/common/External.cpp
Analyzing: /gadgetron/apps/gadgetron/connection/nodes/common/External.cpp
Parsing: /gadgetron/toolboxes/core/cpu/math/hoNDArray_elemwise.cpp
Analyzing: /gadgetron/toolboxes/core/cpu/math/hoNDArray_elemwise.cpp
Parsing: /gadgetron/toolboxes/cmr/cmr_spirit_recon.cpp
Analyzing: /gadgetron/toolboxes/cmr/cmr_spirit_recon.cpp
Parsing: /gadgetron/apps/standalone/gpu/mri/sense/noncartesian/generic_cg.cpp
Analyzing: /gadgetron/apps/standalone/gpu/mri/sense/noncartesian/generic_cg.cpp
Parsing: /gadgetron/gadgets/mri_core/AcquisitionAccumulateTriggerGadget.cpp
Analyzing: /gadgetron/gadgets/mri_core/AcquisitionAccumulateTriggerGadget.cpp
Parsing: /gadgetron/core/writers/IsmrmrdImageArrayWriter.cpp
Analyzing: /gadgetron/core/writers/IsmrmrdImageArrayWriter.cpp
Parsing: /gadgetron/apps/standalone/gpu/deblurring/2d/blur_2d.cpp
Analyzing: /gadgetron/apps/standalone/gpu/deblurring/2d/blur_2d.cpp
Parsing: /gadgetron/test/cuNDArray_operators_test.cpp
Analyzing: /gadgetron/test/cuNDArray_operators_test.cpp
Parsing: /gadgetron/gadgets/mri_core/generic_recon_gadgets/GenericReconCartesianGrappaGadget.cpp
Analyzing: /gadgetron/gadgets/mri_core/generic_recon_gadgets/GenericReconCartesianGrappaGadget.cpp
Parsing: /gadgetron/toolboxes/cmr/cmr_motion_correction.cpp
Analyzing: /gadgetron/toolboxes/cmr/cmr_motion_correction.cpp
Parsing: /gadgetron/gadgets/debugging/PseudoReplicatorGadget.cpp
Analyzing: /gadgetron/gadgets/debugging/PseudoReplicatorGadget.cpp
Parsing: /gadgetron/toolboxes/mri/sdc/cpu/hoSDC.cpp
Analyzing: /gadgetron/toolboxes/mri/sdc/cpu/hoSDC.cpp
Parsing: /gadgetron/test/hoNDArray_elemwise_test.cpp
Analyzing: /gadgetron/test/hoNDArray_elemwise_test.cpp
Parsing: /gadgetron/gadgets/cmr/PureCmrCartesianKSpaceBinningCineGadget.cpp
Analyzing: /gadgetron/gadgets/cmr/PureCmrCartesianKSpaceBinningCineGadget.cpp
Parsing: /gadgetron/gadgets/grappa/SliceAccumulator.cpp
Analyzing: /gadgetron/gadgets/grappa/SliceAccumulator.cpp
Parsing: /gadgetron/gadgets/grappa/ImageAccumulator.cpp
Analyzing: /gadgetron/gadgets/grappa/ImageAccumulator.cpp
Parsing: /gadgetron/gadgets/examples/ImageInverter.cpp
Analyzing: /gadgetron/gadgets/examples/ImageInverter.cpp
Parsing: /gadgetron/apps/gadgetron/test/socket_test.cpp
Analyzing: /gadgetron/apps/gadgetron/test/socket_test.cpp
Parsing: /gadgetron/apps/standalone/gpu/mri/nfft/2d/main_nfft.cpp
Analyzing: /gadgetron/apps/standalone/gpu/mri/nfft/2d/main_nfft.cpp
Parsing: /gadgetron/apps/gadgetron/Connection.cpp
Analyzing: /gadgetron/apps/gadgetron/Connection.cpp
Parsing: /gadgetron/apps/standalone/gpu/deblurring/3d/deblur_3d_cg.cpp
Analyzing: /gadgetron/apps/standalone/gpu/deblurring/3d/deblur_3d_cg.cpp
Parsing: /gadgetron/core/Response.cpp
Analyzing: /gadgetron/core/Response.cpp
Parsing: /gadgetron/test/cmr_strain_test.cpp
Analyzing: /gadgetron/test/cmr_strain_test.cpp
Parsing: /gadgetron/toolboxes/image/cpu/morphology.cpp
Analyzing: /gadgetron/toolboxes/image/cpu/morphology.cpp
Parsing: /gadgetron/core/writers/ImageWriter.cpp
Analyzing: /gadgetron/core/writers/ImageWriter.cpp
Parsing: /gadgetron/gadgets/cartesian/CartesianToGenericGadget.cpp
Analyzing: /gadgetron/gadgets/cartesian/CartesianToGenericGadget.cpp
Parsing: /gadgetron/apps/gadgetron/connection/nodes/distributed/Pool.cpp
Analyzing: /gadgetron/apps/gadgetron/connection/nodes/distributed/Pool.cpp
Parsing: /gadgetron/test/cmr_analytical_strain_test.cpp
Analyzing: /gadgetron/test/cmr_analytical_strain_test.cpp
Parsing: /gadgetron/toolboxes/mri/pmri/gpu/cuSenseBufferCg.cpp
Analyzing: /gadgetron/toolboxes/mri/pmri/gpu/cuSenseBufferCg.cpp
Parsing: /gadgetron/gadgets/mri_core/CoilReductionGadget.cpp
Analyzing: /gadgetron/gadgets/mri_core/CoilReductionGadget.cpp
Parsing: /gadgetron/toolboxes/registration/optical_flow/cpu/hoLinearResampleOperator.cpp
Analyzing: /gadgetron/toolboxes/registration/optical_flow/cpu/hoLinearResampleOperator.cpp
Parsing: /gadgetron/test/pattern_recognition_test.cpp
Analyzing: /gadgetron/test/pattern_recognition_test.cpp
Parsing: /gadgetron/gadgets/mri_core/CompressedFloatBufferSse41.cpp
Analyzing: /gadgetron/gadgets/mri_core/CompressedFloatBufferSse41.cpp
Parsing: /gadgetron/apps/gadgetron/connection/nodes/External.cpp
Analyzing: /gadgetron/apps/gadgetron/connection/nodes/External.cpp
Parsing: /gadgetron/gadgets/radial/gpuRadialPrepGadget.cpp
Analyzing: /gadgetron/gadgets/radial/gpuRadialPrepGadget.cpp
Parsing: /gadgetron/gadgets/hyper/gpuCSICoilEstimationGadget.cpp
Analyzing: /gadgetron/gadgets/hyper/gpuCSICoilEstimationGadget.cpp
Parsing: /gadgetron/test/hoNDFFT_test.cpp
Analyzing: /gadgetron/test/hoNDFFT_test.cpp
Parsing: /gadgetron/toolboxes/mri/pmri/gpu/cuSpiritBuffer.cpp
Analyzing: /gadgetron/toolboxes/mri/pmri/gpu/cuSpiritBuffer.cpp
Parsing: /gadgetron/toolboxes/dwt/cpu/hoNDHarrWavelet.cpp
Analyzing: /gadgetron/toolboxes/dwt/cpu/hoNDHarrWavelet.cpp
Parsing: /gadgetron/toolboxes/registration/optical_flow/cpu/hoHSOpticalFlowSolver.cpp
Analyzing: /gadgetron/toolboxes/registration/optical_flow/cpu/hoHSOpticalFlowSolver.cpp
Parsing: /gadgetron/gadgets/mri_core/ImageAccumulatorGadget.cpp
Analyzing: /gadgetron/gadgets/mri_core/ImageAccumulatorGadget.cpp
Parsing: /gadgetron/gadgets/mri_core/IsmrmrdDumpGadget.cpp
Analyzing: /gadgetron/gadgets/mri_core/IsmrmrdDumpGadget.cpp
Parsing: /gadgetron/toolboxes/denoise/non_local_bayes.cpp
Analyzing: /gadgetron/toolboxes/denoise/non_local_bayes.cpp
Parsing: /gadgetron/gadgets/hyper/CMRT3DGadget.cpp
Analyzing: /gadgetron/gadgets/hyper/CMRT3DGadget.cpp
Parsing: /gadgetron/gadgets/dicom/DicomImageWriter.cpp
Analyzing: /gadgetron/gadgets/dicom/DicomImageWriter.cpp
Parsing: /gadgetron/apps/gadgetron/system_info.cpp
Analyzing: /gadgetron/apps/gadgetron/system_info.cpp
Parsing: /gadgetron/toolboxes/dwt/cpu/hoNDRedundantWavelet.cpp
Analyzing: /gadgetron/toolboxes/dwt/cpu/hoNDRedundantWavelet.cpp
Parsing: /gadgetron/apps/standalone/gpu/mri/sense/noncartesian/radial/2d_golden_ratio/main_gpbb.cpp
Analyzing: /gadgetron/apps/standalone/gpu/mri/sense/noncartesian/radial/2d_golden_ratio/main_gpbb.cpp
Parsing: /gadgetron/apps/gadgetron/connection/config/Config.cpp
Analyzing: /gadgetron/apps/gadgetron/connection/config/Config.cpp
Parsing: /gadgetron/core/IsmrmrdContextVariables.cpp
Analyzing: /gadgetron/core/IsmrmrdContextVariables.cpp
Parsing: /gadgetron/apps/gadgetron/connection/nodes/Parallel.cpp
Analyzing: /gadgetron/apps/gadgetron/connection/nodes/Parallel.cpp
Parsing: /gadgetron/apps/clients/gadgetron_ismrmrd_client/gadgetron_ismrmrd_client.cpp
Analyzing: /gadgetron/apps/clients/gadgetron_ismrmrd_client/gadgetron_ismrmrd_client.cpp
Parsing: /gadgetron/apps/standalone/gpu/mri/nfft/2d/main_cg.cpp
Analyzing: /gadgetron/apps/standalone/gpu/mri/nfft/2d/main_cg.cpp
Parsing: /gadgetron/toolboxes/fatwater/correct_frequency_shift.cpp
Analyzing: /gadgetron/toolboxes/fatwater/correct_frequency_shift.cpp
Parsing: /gadgetron/gadgets/mri_core/generic_recon_gadgets/GenericReconNoiseStdMapComputingGadget.cpp
Analyzing: /gadgetron/gadgets/mri_core/generic_recon_gadgets/GenericReconNoiseStdMapComputingGadget.cpp
Parsing: /gadgetron/gadgets/mri_core/CropAndCombineGadget.cpp
Analyzing: /gadgetron/gadgets/mri_core/CropAndCombineGadget.cpp
Parsing: /gadgetron/toolboxes/mri_core/mri_core_dependencies.cpp
Analyzing: /gadgetron/toolboxes/mri_core/mri_core_dependencies.cpp
Parsing: /gadgetron/gadgets/mri_core/ImageResizingGadget.cpp
Analyzing: /gadgetron/gadgets/mri_core/ImageResizingGadget.cpp
Parsing: /gadgetron/gadgets/mri_core/PhysioInterpolationGadget.cpp
Analyzing: /gadgetron/gadgets/mri_core/PhysioInterpolationGadget.cpp
Parsing: /gadgetron/apps/gadgetron/connection/nodes/external/Matlab.cpp
Analyzing: /gadgetron/apps/gadgetron/connection/nodes/external/Matlab.cpp
Parsing: /gadgetron/gadgets/mri_core/generic_recon_gadgets/GenericReconImageArrayScalingGadget.cpp
Analyzing: /gadgetron/gadgets/mri_core/generic_recon_gadgets/GenericReconImageArrayScalingGadget.cpp
Parsing: /gadgetron/gadgets/dicom/dicom_ismrmrd_utility.cpp
Analyzing: /gadgetron/gadgets/dicom/dicom_ismrmrd_utility.cpp
Parsing: /gadgetron/apps/gadgetron/connection/Loader.cpp
Analyzing: /gadgetron/apps/gadgetron/connection/Loader.cpp
Parsing: /gadgetron/core/LegacyACE.cpp
Analyzing: /gadgetron/core/LegacyACE.cpp
Parsing: /gadgetron/gadgets/radial/gpuRadialSensePrepGadget.cpp
Analyzing: /gadgetron/gadgets/radial/gpuRadialSensePrepGadget.cpp
Parsing: /gadgetron/apps/gadgetron/connection/nodes/common/Discovery.cpp
Analyzing: /gadgetron/apps/gadgetron/connection/nodes/common/Discovery.cpp
Parsing: /gadgetron/apps/standalone/gpu/mri/sense/noncartesian/radial/2d_golden_ratio_kt/main.cpp
Analyzing: /gadgetron/apps/standalone/gpu/mri/sense/noncartesian/radial/2d_golden_ratio_kt/main.cpp
Parsing: /gadgetron/gadgets/moco/gpuRegistrationAveragingGadget.cpp
Analyzing: /gadgetron/gadgets/moco/gpuRegistrationAveragingGadget.cpp
Parsing: /gadgetron/apps/standalone/gpu/mri/nfft/ms2d/nffth_generic.cpp
Analyzing: /gadgetron/apps/standalone/gpu/mri/nfft/ms2d/nffth_generic.cpp
Parsing: /gadgetron/test/image_morphology_test.cpp
Analyzing: /gadgetron/test/image_morphology_test.cpp
Parsing: /gadgetron/gadgets/hyper/CSIGadget.cpp
Analyzing: /gadgetron/gadgets/hyper/CSIGadget.cpp
Parsing: /gadgetron/toolboxes/core/gpu/hoCuNDArray_blas.cpp
Analyzing: /gadgetron/toolboxes/core/gpu/hoCuNDArray_blas.cpp
Parsing: /gadgetron/gadgets/mri_core/ExtractGadget.cpp
Analyzing: /gadgetron/gadgets/mri_core/ExtractGadget.cpp
Parsing: /gadgetron/apps/gadgetron/connection/VoidConnection.cpp
Analyzing: /gadgetron/apps/gadgetron/connection/VoidConnection.cpp
Parsing: /gadgetron/toolboxes/mri_core/mri_core_grappa.cpp
Analyzing: /gadgetron/toolboxes/mri_core/mri_core_grappa.cpp
Parsing: /gadgetron/gadgets/radial/gpuRetroGatedSensePrepGadget.cpp
Analyzing: /gadgetron/gadgets/radial/gpuRetroGatedSensePrepGadget.cpp
Parsing: /gadgetron/test/cuNDArray_blas_test.cpp
Analyzing: /gadgetron/test/cuNDArray_blas_test.cpp
Parsing: /gadgetron/gadgets/mri_core/PCACoilGadget.cpp
Analyzing: /gadgetron/gadgets/mri_core/PCACoilGadget.cpp
Parsing: /gadgetron/gadgets/mri_core/dependencyquery/DependencyQueryGadget.cpp
Analyzing: /gadgetron/gadgets/mri_core/dependencyquery/DependencyQueryGadget.cpp
Parsing: /gadgetron/gadgets/mri_core/ComplexToFloatGadget.cpp
Analyzing: /gadgetron/gadgets/mri_core/ComplexToFloatGadget.cpp
Parsing: /gadgetron/gadgets/mri_core/ImageIndexGadget.cpp
Analyzing: /gadgetron/gadgets/mri_core/ImageIndexGadget.cpp
Parsing: /gadgetron/toolboxes/mri_core/mri_core_stream.cpp
Analyzing: /gadgetron/toolboxes/mri_core/mri_core_stream.cpp
Parsing: /gadgetron/test/hoNDWavelet_test.cpp
Analyzing: /gadgetron/test/hoNDWavelet_test.cpp
Parsing: /gadgetron/test/hoNDArray_linalg_test.cpp
Analyzing: /gadgetron/test/hoNDArray_linalg_test.cpp
Parsing: /gadgetron/gadgets/mri_core/NoiseAdjustGadget_unoptimized.cpp
Analyzing: /gadgetron/gadgets/mri_core/NoiseAdjustGadget_unoptimized.cpp
Parsing: /gadgetron/gadgets/examples/ImageLayerer.cpp
Analyzing: /gadgetron/gadgets/examples/ImageLayerer.cpp
Parsing: /gadgetron/test/cmr_mapping_test.cpp
Analyzing: /gadgetron/test/cmr_mapping_test.cpp
Parsing: /gadgetron/toolboxes/mri/spiral/TrajectoryParameters.cpp
Analyzing: /gadgetron/toolboxes/mri/spiral/TrajectoryParameters.cpp
Parsing: /gadgetron/apps/standalone/gpu/registration/2d/register_HS_2d.cpp
Analyzing: /gadgetron/apps/standalone/gpu/registration/2d/register_HS_2d.cpp
Parsing: /gadgetron/gadgets/pmri/gpuCgSpiritGadget.cpp
Analyzing: /gadgetron/gadgets/pmri/gpuCgSpiritGadget.cpp
Parsing: /gadgetron/toolboxes/core/cpu/math/hoNDArray_linalg.cpp
Analyzing: /gadgetron/toolboxes/core/cpu/math/hoNDArray_linalg.cpp
Parsing: /gadgetron/toolboxes/cmr/cmr_radial_thickening.cpp
Analyzing: /gadgetron/toolboxes/cmr/cmr_radial_thickening.cpp
Parsing: /gadgetron/apps/gadgetron/connection/ConfigConnection.cpp
Analyzing: /gadgetron/apps/gadgetron/connection/ConfigConnection.cpp
Parsing: /gadgetron/apps/gadgetron/connection/nodes/common/Configuration.cpp
Analyzing: /gadgetron/apps/gadgetron/connection/nodes/common/Configuration.cpp
Parsing: /gadgetron/toolboxes/fatwater/ImageGraph.cpp
Analyzing: /gadgetron/toolboxes/fatwater/ImageGraph.cpp
Parsing: /gadgetron/core/writers/WaveformWriter.cpp
Analyzing: /gadgetron/core/writers/WaveformWriter.cpp
Parsing: /gadgetron/gadgets/mri_core/generic_recon_gadgets/GenericReconBase.cpp
Analyzing: /gadgetron/gadgets/mri_core/generic_recon_gadgets/GenericReconBase.cpp
Parsing: /gadgetron/gadgets/mri_core/generic_recon_gadgets/GenericReconCartesianNonLinearSpirit2DTGadget.cpp
Analyzing: /gadgetron/gadgets/mri_core/generic_recon_gadgets/GenericReconCartesianNonLinearSpirit2DTGadget.cpp
Parsing: /gadgetron/gadgets/mri_core/DenoiseGadget.cpp
Analyzing: /gadgetron/gadgets/mri_core/DenoiseGadget.cpp
Parsing: /gadgetron/gadgets/mri_core/MaxwellCorrectionGadget.cpp
Analyzing: /gadgetron/gadgets/mri_core/MaxwellCorrectionGadget.cpp
Parsing: /gadgetron/apps/standalone/cpu/denoising/2d/denoise_TV.cpp
Analyzing: /gadgetron/apps/standalone/cpu/denoising/2d/denoise_TV.cpp
Parsing: /gadgetron/gadgets/mri_core/generic_recon_gadgets/GenericImageReconGadget.cpp
Analyzing: /gadgetron/gadgets/mri_core/generic_recon_gadgets/GenericImageReconGadget.cpp
Parsing: /gadgetron/toolboxes/operators/cpu/hoWaveletOperator.cpp
Analyzing: /gadgetron/toolboxes/operators/cpu/hoWaveletOperator.cpp
Parsing: /gadgetron/toolboxes/fft/cpu/hoNDFFT.cpp
Analyzing: /gadgetron/toolboxes/fft/cpu/hoNDFFT.cpp
Parsing: /gadgetron/gadgets/epi/FFTXGadget.cpp
Analyzing: /gadgetron/gadgets/epi/FFTXGadget.cpp
Parsing: /gadgetron/gadgets/radial/RadialPhaseCorrectionGadget.cpp
Analyzing: /gadgetron/gadgets/radial/RadialPhaseCorrectionGadget.cpp
Parsing: /gadgetron/core/parallel/Branch.cpp
Analyzing: /gadgetron/core/parallel/Branch.cpp
Parsing: /gadgetron/gadgets/mri_core/generic_recon_gadgets/GenericReconCartesianFFTGadget.cpp
Analyzing: /gadgetron/gadgets/mri_core/generic_recon_gadgets/GenericReconCartesianFFTGadget.cpp
Parsing: /gadgetron/core/readers/AcquisitionBucketReader.cpp
Analyzing: /gadgetron/core/readers/AcquisitionBucketReader.cpp
Parsing: /gadgetron/gadgets/hyper/CMRTGadget.cpp
Analyzing: /gadgetron/gadgets/hyper/CMRTGadget.cpp
Parsing: /gadgetron/gadgets/mri_core/SimpleReconGadget.cpp
Analyzing: /gadgetron/gadgets/mri_core/SimpleReconGadget.cpp
Parsing: /gadgetron/gadgets/grappa/gpu/WeightsCore.cpp
Analyzing: /gadgetron/gadgets/grappa/gpu/WeightsCore.cpp
Parsing: /gadgetron/apps/gadgetron/test/storage_test.cpp
Analyzing: /gadgetron/apps/gadgetron/test/storage_test.cpp
Parsing: /gadgetron/toolboxes/fatwater/fatwater.cpp
Analyzing: /gadgetron/toolboxes/fatwater/fatwater.cpp
Parsing: /gadgetron/apps/gadgetron/connection/nodes/ParallelProcess.cpp
Analyzing: /gadgetron/apps/gadgetron/connection/nodes/ParallelProcess.cpp
Parsing: /gadgetron/apps/gadgetron/connection/SocketStreamBuf.cpp
Analyzing: /gadgetron/apps/gadgetron/connection/SocketStreamBuf.cpp
Parsing: /gadgetron/apps/gadgetron/connection/SocketStreamBuf.cpp
Analyzing: /gadgetron/apps/gadgetron/connection/SocketStreamBuf.cpp
Parsing: /gadgetron/test/hoNDArrayView_test.cpp
Analyzing: /gadgetron/test/hoNDArrayView_test.cpp
Parsing: /gadgetron/gadgets/cmr/CmrCartesianKSpaceBinningCineGadget.cpp
Analyzing: /gadgetron/gadgets/cmr/CmrCartesianKSpaceBinningCineGadget.cpp
Parsing: /gadgetron/core/writers/TextWriter.cpp
Analyzing: /gadgetron/core/writers/TextWriter.cpp
Parsing: /gadgetron/toolboxes/operators/cpu/hoSPIRIT2DOperator.cpp
Analyzing: /gadgetron/toolboxes/operators/cpu/hoSPIRIT2DOperator.cpp
Parsing: /gadgetron/toolboxes/core/cpu/math/hoNDArray_reductions.cpp
Analyzing: /gadgetron/toolboxes/core/cpu/math/hoNDArray_reductions.cpp
Parsing: /gadgetron/toolboxes/nfft/gpu/cuNFFTOperator.cpp
Analyzing: /gadgetron/toolboxes/nfft/gpu/cuNFFTOperator.cpp
Parsing: /gadgetron/gadgets/radial/gpuRadialSpiritPrepGadget.cpp
Analyzing: /gadgetron/gadgets/radial/gpuRadialSpiritPrepGadget.cpp
Parsing: /gadgetron/core/readers/AcquisitionReader.cpp
Analyzing: /gadgetron/core/readers/AcquisitionReader.cpp
Parsing: /gadgetron/toolboxes/core/cpu/hostutils/network_utils.cpp
Analyzing: /gadgetron/toolboxes/core/cpu/hostutils/network_utils.cpp
Parsing: /gadgetron/apps/standalone/gpu/mri/sense/noncartesian/radial/2d_golden_ratio/main_sbc.cpp
Analyzing: /gadgetron/apps/standalone/gpu/mri/sense/noncartesian/radial/2d_golden_ratio/main_sbc.cpp
Parsing: /gadgetron/apps/gadgetron/connection/nodes/PureStream.cpp
Analyzing: /gadgetron/apps/gadgetron/connection/nodes/PureStream.cpp
Parsing: /gadgetron/gadgets/mri_core/NoiseAdjustGadget.cpp
Analyzing: /gadgetron/gadgets/mri_core/NoiseAdjustGadget.cpp
Parsing: /gadgetron/test/threadpool_test.cpp
Analyzing: /gadgetron/test/threadpool_test.cpp
Parsing: /gadgetron/test/hoSDC_test.cpp
Analyzing: /gadgetron/test/hoSDC_test.cpp
Parsing: /gadgetron/toolboxes/operators/cpu/hoWavelet1DOperator.cpp
Analyzing: /gadgetron/toolboxes/operators/cpu/hoWavelet1DOperator.cpp
Parsing: /gadgetron/toolboxes/core/cpu/math/cpp_lapack.cpp
Analyzing: /gadgetron/toolboxes/core/cpu/math/cpp_lapack.cpp
Parsing: /gadgetron/toolboxes/cmr/cmr_kspace_binning.cpp
Analyzing: /gadgetron/toolboxes/cmr/cmr_kspace_binning.cpp
Parsing: /gadgetron/gadgets/spiral/SpiralToGenericGadget.cpp
Analyzing: /gadgetron/gadgets/spiral/SpiralToGenericGadget.cpp
Parsing: /gadgetron/core/parallel/Fanout.cpp
Analyzing: /gadgetron/core/parallel/Fanout.cpp
Parsing: /gadgetron/gadgets/debugging/RateLimitGadget.cpp
Analyzing: /gadgetron/gadgets/debugging/RateLimitGadget.cpp
Parsing: /gadgetron/toolboxes/dwt/cpu/hoNDWavelet.cpp
Analyzing: /gadgetron/toolboxes/dwt/cpu/hoNDWavelet.cpp
Parsing: /gadgetron/gadgets/mri_core/AutoScaleGadget.cpp
Analyzing: /gadgetron/gadgets/mri_core/AutoScaleGadget.cpp
Parsing: /gadgetron/apps/gadgetron/connection/nodes/PureDistributed.cpp
Analyzing: /gadgetron/apps/gadgetron/connection/nodes/PureDistributed.cpp
Parsing: /gadgetron/apps/gadgetron/connection/nodes/common/Serialization.cpp
Analyzing: /gadgetron/apps/gadgetron/connection/nodes/common/Serialization.cpp
Parsing: /gadgetron/gadgets/grappa/cpu/WeightsCore.cpp
Analyzing: /gadgetron/gadgets/grappa/cpu/WeightsCore.cpp
Parsing: /gadgetron/toolboxes/registration/optical_flow/cpu/hoOpticalFlowSolver.cpp
Analyzing: /gadgetron/toolboxes/registration/optical_flow/cpu/hoOpticalFlowSolver.cpp
Parsing: /gadgetron/test/hoNDArray_blas_test.cpp
Analyzing: /gadgetron/test/hoNDArray_blas_test.cpp
Parsing: /gadgetron/gadgets/pmri/gpuCgSenseGadget.cpp
Analyzing: /gadgetron/gadgets/pmri/gpuCgSenseGadget.cpp
Parsing: /gadgetron/toolboxes/fatwater/bounded_field_map.cpp
Analyzing: /gadgetron/toolboxes/fatwater/bounded_field_map.cpp
Parsing: /gadgetron/gadgets/epi/EPIPackNavigatorGadget.cpp
Analyzing: /gadgetron/gadgets/epi/EPIPackNavigatorGadget.cpp
Parsing: /gadgetron/gadgets/grappa/ChannelReorderer.cpp
Analyzing: /gadgetron/gadgets/grappa/ChannelReorderer.cpp
Parsing: /gadgetron/core/Gadget.cpp
Analyzing: /gadgetron/core/Gadget.cpp
Parsing: /gadgetron/toolboxes/registration/demons/demons_registration.cpp
Analyzing: /gadgetron/toolboxes/registration/demons/demons_registration.cpp
Parsing: /gadgetron/gadgets/mri_core/CoilComputationGadget.cpp
Analyzing: /gadgetron/gadgets/mri_core/CoilComputationGadget.cpp
Parsing: /gadgetron/gadgets/mri_core/FlagTriggerGadget.cpp
Analyzing: /gadgetron/gadgets/mri_core/FlagTriggerGadget.cpp
Parsing: /gadgetron/gadgets/mri_core/readers/MRIImageReader.cpp
Analyzing: /gadgetron/gadgets/mri_core/readers/MRIImageReader.cpp
Parsing: /gadgetron/apps/gadgetron/connection/core/Processable.cpp
Analyzing: /gadgetron/apps/gadgetron/connection/core/Processable.cpp
Parsing: /gadgetron/gadgets/mri_core/FlowPhaseSubtractionGadget.cpp
Analyzing: /gadgetron/gadgets/mri_core/FlowPhaseSubtractionGadget.cpp
Parsing: /gadgetron/core/distributed/AcquisitionDistributor.cpp
Analyzing: /gadgetron/core/distributed/AcquisitionDistributor.cpp
Parsing: /gadgetron/toolboxes/fft/gpu/cuNDFFT.cpp
Analyzing: /gadgetron/toolboxes/fft/gpu/cuNDFFT.cpp
Parsing: /gadgetron/apps/gadgetron/initialization.cpp
Analyzing: /gadgetron/apps/gadgetron/initialization.cpp
Parsing: /gadgetron/toolboxes/pattern_recognition/pr_kmeans.cpp
Analyzing: /gadgetron/toolboxes/pattern_recognition/pr_kmeans.cpp
Parsing: /gadgetron/toolboxes/fatwater/graph_cut.cpp
Analyzing: /gadgetron/toolboxes/fatwater/graph_cut.cpp
Parsing: /gadgetron/toolboxes/image_io/ImageIOAnalyze.cpp
Analyzing: /gadgetron/toolboxes/image_io/ImageIOAnalyze.cpp
Parsing: /gadgetron/apps/gadgetron/connection/nodes/external/Julia.cpp
Analyzing: /gadgetron/apps/gadgetron/connection/nodes/external/Julia.cpp
Parsing: /gadgetron/gadgets/epi/EPICorrGadget.cpp
Analyzing: /gadgetron/gadgets/epi/EPICorrGadget.cpp
Parsing: /gadgetron/core/readers/WaveformReader.cpp
Analyzing: /gadgetron/core/readers/WaveformReader.cpp
Parsing: /gadgetron/toolboxes/log/log.cpp
Analyzing: /gadgetron/toolboxes/log/log.cpp
Parsing: /gadgetron/toolboxes/operators/cpu/hoWavelet3DOperator.cpp
Analyzing: /gadgetron/toolboxes/operators/cpu/hoWavelet3DOperator.cpp
Parsing: /gadgetron/toolboxes/mri_core/mri_core_kspace_filter.cpp
Analyzing: /gadgetron/toolboxes/mri_core/mri_core_kspace_filter.cpp
Parsing: /gadgetron/gadgets/mri_core/generic_recon_gadgets/GenericReconPartialFourierHandlingPOCSGadget.cpp
Analyzing: /gadgetron/gadgets/mri_core/generic_recon_gadgets/GenericReconPartialFourierHandlingPOCSGadget.cpp
Parsing: /gadgetron/gadgets/mri_core/generic_recon_gadgets/GenericReconReferenceKSpaceDelayedBufferGadget.cpp
Analyzing: /gadgetron/gadgets/mri_core/generic_recon_gadgets/GenericReconReferenceKSpaceDelayedBufferGadget.cpp
Parsing: /gadgetron/gadgets/mri_noncartesian/GriddingReconGadget.cpp
Analyzing: /gadgetron/gadgets/mri_noncartesian/GriddingReconGadget.cpp
Parsing: /gadgetron/gadgets/mri_core/generic_recon_gadgets/GenericImageReconArrayToImageGadget.cpp
Analyzing: /gadgetron/gadgets/mri_core/generic_recon_gadgets/GenericImageReconArrayToImageGadget.cpp
Parsing: /gadgetron/gadgets/fatwater/FatWaterGadget.cpp
Analyzing: /gadgetron/gadgets/fatwater/FatWaterGadget.cpp
Parsing: /gadgetron/apps/standalone/gpu/mri/sense/noncartesian/radial/2d_golden_ratio/main_cg.cpp
Analyzing: /gadgetron/apps/standalone/gpu/mri/sense/noncartesian/radial/2d_golden_ratio/main_cg.cpp
Parsing: /gadgetron/test/core_primitive_io_test.cpp
Analyzing: /gadgetron/test/core_primitive_io_test.cpp
Parsing: /gadgetron/gadgets/moco/cpuRegistrationAveragingGadget.cpp
Analyzing: /gadgetron/gadgets/moco/cpuRegistrationAveragingGadget.cpp
Parsing: /gadgetron/apps/gadgetron/storage.cpp
Analyzing: /gadgetron/apps/gadgetron/storage.cpp
Parsing: /gadgetron/apps/gadgetron/storage.cpp
Analyzing: /gadgetron/apps/gadgetron/storage.cpp
Parsing: /gadgetron/test/gadgets/AcquisitionAccumulateTrigget_test.cpp
Analyzing: /gadgetron/test/gadgets/AcquisitionAccumulateTrigget_test.cpp
Parsing: /gadgetron/apps/gadgetron/connection/nodes/common/ExternalChannel.cpp
Analyzing: /gadgetron/apps/gadgetron/connection/nodes/common/ExternalChannel.cpp
Parsing: /gadgetron/gadgets/mri_core/writers/MRIImageWriter.cpp
Analyzing: /gadgetron/gadgets/mri_core/writers/MRIImageWriter.cpp
Parsing: /gadgetron/gadgets/mri_core/writers/GadgetIsmrmrdWriter.cpp
Analyzing: /gadgetron/gadgets/mri_core/writers/GadgetIsmrmrdWriter.cpp
Migrating: /gadgetron/gadgets/mri_core/generic_recon_gadgets/GenericReconCartesianReferencePrepGadget.cpp
Migrating: /gadgetron/toolboxes/cmr/cmr_t1_mapping.cpp
Migrating: /gadgetron/gadgets/mri_core/generic_recon_gadgets/GenericReconKSpaceFilteringGadget.cpp
Migrating: /gadgetron/apps/standalone/gpu/mri/nfft/ms2d/nfft_main.cpp
Migrating: /gadgetron/gadgets/hyper/NFFT2DGadget.cpp
Migrating: /gadgetron/gadgets/interventional_mri/DeviceChannelSplitterGadget.cpp
Migrating: /gadgetron/gadgets/spiral/gpuSpiralSensePrepGadget.cpp
Migrating: /gadgetron/core/parallel/Merge.cpp
Migrating: /gadgetron/gadgets/pmri/gpuSbSenseGadget.cpp
Migrating: /gadgetron/apps/standalone/gpu/deblurring/3d/deblur_3d_sb.cpp
Migrating: /gadgetron/toolboxes/mri/pmri/gpu/htgrappa.cpp
Migrating: /gadgetron/gadgets/debugging/CplxDumpGadget.cpp
Migrating: /gadgetron/gadgets/cmr/CmrParametricT1SRMappingGadget.cpp
Migrating: /gadgetron/apps/standalone/cpu/registration/3d/register_CK_3d.cpp
Migrating: /gadgetron/apps/standalone/gpu/registration/2d/register_CK_2d.cpp
Migrating: /gadgetron/apps/standalone/gpu/mri/sense/noncartesian/radial/2d_golden_ratio/main_nlcg.cpp
Migrating: /gadgetron/test/hoNFFT_test.cpp
Migrating: /gadgetron/gadgets/debugging/ImageWriterGadget.cpp
Migrating: /gadgetron/test/mri_core_stream_test.cpp
Migrating: /gadgetron/gadgets/pmri/gpuCgKtSenseGadget.cpp
Migrating: /gadgetron/toolboxes/cmr/cmr_analytical_strain.cpp
Migrating: /gadgetron/gadgets/mri_core/ImageFinishGadget.cpp
Migrating: /gadgetron/apps/gadgetron/Server.cpp
Migrating: /gadgetron/core/readers/BufferReader.cpp
Migrating: /gadgetron/toolboxes/mri/pmri/gpu/cuSenseBuffer.cpp
Migrating: /gadgetron/toolboxes/nfft/cpu/hoNFFT.cpp
Migrating: /gadgetron/test/StorageSpaces_test.cpp
Migrating: /gadgetron/apps/standalone/gpu/mri/nfft/2d/main_sb.cpp
Migrating: /gadgetron/toolboxes/nfft/cpu/hoGriddingConvolution.cpp
Migrating: /gadgetron/gadgets/mri_core/dependencyquery/NoiseSummaryGadget.cpp
Migrating: /gadgetron/gadgets/mri_core/generic_recon_gadgets/GenericReconPartialFourierHandlingFilterGadget.cpp
Migrating: /gadgetron/gadgets/pmri/gpuGenericSensePrepGadget.cpp
Migrating: /gadgetron/core/writers/AcquisitionWriter.cpp
Migrating: /gadgetron/gadgets/mri_core/generic_recon_gadgets/GenericReconImageToImageArrayGadget.cpp
Migrating: /gadgetron/gadgets/pmri/gpuBufferSensePrepGadget.cpp
Migrating: /gadgetron/gadgets/mri_core/cpuisa.cpp
Migrating: /gadgetron/toolboxes/core/gpu/cudaDeviceManager.cpp
Migrating: /gadgetron/core/writers/BufferWriter.cpp
Migrating: /gadgetron/gadgets/cmr/CmrParametricT2MappingGadget.cpp
Migrating: /gadgetron/core/writers/AcquisitionBucketWriter.cpp
Migrating: /gadgetron/gadgets/mri_core/ScaleGadget.cpp
Migrating: /gadgetron/core/Process.cpp
Migrating: /gadgetron/apps/standalone/gpu/mri/nfft/ms2d/nffth_main.cpp
Migrating: /gadgetron/apps/gadgetron/connection/Handlers.cpp
Migrating: /gadgetron/test/cuNDArray_elemwise_test.cpp
Migrating: /gadgetron/gadgets/mri_core/FloatToFixPointGadget.cpp
Migrating: /gadgetron/apps/standalone/gpu/registration/3d/register_CK_3d.cpp
Migrating: /gadgetron/apps/gadgetron/connection/StreamConnection.cpp
Migrating: /gadgetron/apps/standalone/gpu/deblurring/2d/deblur_2d_cg.cpp
Migrating: /gadgetron/test/read_writer_test.cpp
Migrating: /gadgetron/core/readers/ImageReader.cpp
Migrating: /gadgetron/core/readers/TextReader.cpp
Migrating: /gadgetron/gadgets/mri_core/AccumulatorGadget.cpp
Migrating: /gadgetron/toolboxes/mri_core/mri_core_coil_map_estimation.cpp
Migrating: /gadgetron/test/cuNDFFT_test.cpp
Migrating: /gadgetron/toolboxes/cmr/cmr_ismrmrd_util.cpp
Migrating: /gadgetron/gadgets/grappa/Unmixing.cpp
Migrating: /gadgetron/apps/gadgetron/connection/nodes/distributed/Worker.cpp
Migrating: /gadgetron/toolboxes/core/cpu/hoMatrix.cpp
Migrating: /gadgetron/core/Channel.cpp
Migrating: /gadgetron/gadgets/pmri/gpuLALMSenseGadget.cpp
Migrating: /gadgetron/test/cuSDC_test.cpp
Migrating: /gadgetron/test/IsmrmrdContextVariables_test.cpp
Migrating: /gadgetron/gadgets/mri_core/CombineGadget.cpp
Migrating: /gadgetron/gadgets/gpu/cuFFTGadget.cpp
Migrating: /gadgetron/test/gadgets/FlagTriggerParsing_test.cpp
Migrating: /gadgetron/toolboxes/operators/cpu/hoSPIRITOperator.cpp
Migrating: /gadgetron/gadgets/mri_core/generic_recon_gadgets/GenericReconGadget.cpp
Migrating: /gadgetron/toolboxes/core/cpu/hostutils/parameterparser.cpp
Migrating: /gadgetron/apps/standalone/gpu/deblurring/3d/blur_3d.cpp
Migrating: /gadgetron/gadgets/grappa/AcquisitionFanout.cpp
Migrating: /gadgetron/gadgets/spiral/gpuSpiralDeblurGadget.cpp
Migrating: /gadgetron/gadgets/mri_core/generic_recon_gadgets/GenericReconFieldOfViewAdjustmentGadget.cpp
Migrating: /gadgetron/gadgets/mri_core/BucketToBufferGadget.cpp
Migrating: /gadgetron/gadgets/grappa/WeightsCalculator.cpp
Migrating: /gadgetron/gadgets/mri_core/readers/GadgetIsmrmrdReader.cpp
Migrating: /gadgetron/core/Message.cpp
Migrating: /gadgetron/apps/gadgetron/connection/Writers.cpp
Migrating: /gadgetron/gadgets/mri_core/ImageSortGadget.cpp
Migrating: /gadgetron/apps/gadgetron/connection/nodes/Distributed.cpp
Migrating: /gadgetron/gadgets/debugging/AcquisitionPassthroughGadget.cpp
Migrating: /gadgetron/apps/gadgetron/connection/HeaderConnection.cpp
Migrating: /gadgetron/toolboxes/mri_core/mri_core_partial_fourier.cpp
Migrating: /gadgetron/toolboxes/mri_core/mri_core_utility.cpp
Migrating: /gadgetron/gadgets/mri_noncartesian/CPUGriddingReconGadget.cpp
Migrating: /gadgetron/toolboxes/mri/pmri/gpu/cuBuffer.cpp
Migrating: /gadgetron/gadgets/debugging/WhiteNoiseInjectorGadget.cpp
Migrating: /gadgetron/toolboxes/cmr/cmr_strain_analysis.cpp
Migrating: /gadgetron/toolboxes/mri_core/mri_core_girf_correction.cpp
Migrating: /gadgetron/gadgets/epi/OneEncodingGadget.cpp
Migrating: /gadgetron/test/cuNDArray_utils_test.cpp
Migrating: /gadgetron/toolboxes/denoise/non_local_means.cpp
Migrating: /gadgetron/gadgets/mri_core/RemoveROOversamplingGadget.cpp
Migrating: /gadgetron/toolboxes/operators/cpu/hoSPIRIT2DTDataFidelityOperator.cpp
Migrating: /gadgetron/gadgets/plplot/NoiseCovariancePlottingGadget.cpp
Migrating: /gadgetron/gadgets/epi/EPIReconXGadget.cpp
Migrating: /gadgetron/gadgets/mri_noncartesian/NonCartesianTools.cpp
Migrating: /gadgetron/core/parallel/UnorderedMerge.cpp
Migrating: /gadgetron/test/cuNFFT_test.cpp
Migrating: /gadgetron/core/gadgetron_paths.cpp
Migrating: /gadgetron/toolboxes/plplot/GtPLplot.cpp
Migrating: /gadgetron/toolboxes/klt/cpu/hoNDKLT.cpp
Migrating: /gadgetron/gadgets/pmri/gpuNlcgSenseGadget.cpp
Migrating: /gadgetron/apps/standalone/gpu/denoising/2d/denoise_TV.cpp
Migrating: /gadgetron/toolboxes/mri/hyper/CSIOperator.cpp
Migrating: /gadgetron/toolboxes/mri_core/mri_core_spirit.cpp
Migrating: /gadgetron/gadgets/grappa/common/AcquisitionBuffer.cpp
Migrating: /gadgetron/core/Storage.cpp
Migrating: /gadgetron/gadgets/dicom/DicomFinishGadget.cpp
Migrating: /gadgetron/gadgets/mri_core/AugmentImageMetadataGadget.cpp
Migrating: /gadgetron/toolboxes/image_io/ImageIOBase.cpp
Migrating: /gadgetron/test/tests.cpp
Migrating: /gadgetron/toolboxes/mri/spiral/vds.cpp
Migrating: /gadgetron/apps/standalone/gpu/mri/nfft/2d/main_nffth.cpp
Migrating: /gadgetron/gadgets/mri_core/FFTGadget.cpp
Migrating: /gadgetron/gadgets/examples/AcquisitionWaveformBranch.cpp
Migrating: /gadgetron/gadgets/pmri/gpuOsSenseGadget.cpp
Migrating: /gadgetron/gadgets/mri_core/generic_recon_gadgets/GenericReconAccumulateImageTriggerGadget.cpp
Migrating: /gadgetron/test/cmr_thickening_test.cpp
Migrating: /gadgetron/toolboxes/operators/cpu/hoWavelet2DTOperator.cpp
Migrating: /gadgetron/test/curveFitting_test.cpp
Migrating: /gadgetron/test/core_test.cpp
Migrating: /gadgetron/test/hoNDArray_utils_test.cpp
Migrating: /gadgetron/toolboxes/registration/optical_flow/cpu/hoCKOpticalFlowSolver.cpp
Migrating: /gadgetron/gadgets/mri_core/ImageArraySplitGadget.cpp
Migrating: /gadgetron/gadgets/T1/T1MocoGadget.cpp
Migrating: /gadgetron/core/distributed/BufferDistributor.cpp
Migrating: /gadgetron/apps/standalone/gpu/deblurring/2d/deblur_2d_sb.cpp
Migrating: /gadgetron/gadgets/mri_core/dependencyquery/DependencyQueryWriter.cpp
Migrating: /gadgetron/toolboxes/cmr/cmr_time_stamp.cpp
Migrating: /gadgetron/gadgets/mri_core/CompressedFloatBufferAvx2.cpp
Migrating: /gadgetron/apps/standalone/cpu/registration/2d/register_CK_2d.cpp
Migrating: /gadgetron/gadgets/moco/gpuRegistrationScatteringGadget.cpp
Migrating: /gadgetron/toolboxes/operators/cpu/hoMotionCompensation2DTOperator.cpp
Migrating: /gadgetron/test/nhlbi_compression_tests.cpp
Migrating: /gadgetron/toolboxes/core/gpu/CUBLASContextProvider.cpp
Migrating: /gadgetron/toolboxes/nfft/cpu/ConvolutionMatrix.cpp
Migrating: /gadgetron/apps/standalone/gpu/registration/2d/register_CGHS_2d.cpp
Migrating: /gadgetron/toolboxes/cmr/cmr_parametric_mapping.cpp
Migrating: /gadgetron/toolboxes/deblur/MFIOperator.cpp
Migrating: /gadgetron/gadgets/mri_core/generic_recon_gadgets/GenericReconEigenChannelGadget.cpp
Migrating: /gadgetron/apps/standalone/cpu/registration/2d/register_HS_2d.cpp
Migrating: /gadgetron/apps/gadgetron/connection/nodes/Stream.cpp
Migrating: /gadgetron/gadgets/mri_core/CompressedFloatBuffer.cpp
Migrating: /gadgetron/toolboxes/T1/t1fit.cpp
Migrating: /gadgetron/gadgets/pmri/gpuSenseGadget.cpp
Migrating: /gadgetron/toolboxes/cmr/cmr_image_container_util.cpp
Migrating: /gadgetron/core/readers/IsmrmrdImageArrayReader.cpp
Migrating: /gadgetron/gadgets/mri_core/generic_recon_gadgets/GenericReconCartesianSpiritGadget.cpp
Migrating: /gadgetron/apps/gadgetron/connection/nodes/external/Python.cpp
Migrating: /gadgetron/toolboxes/cmr/cmr_t2_mapping.cpp
Parsing: /gadgetron/gadgets/cmr/CmrParametricMappingGadget.cpp
Migrating: /gadgetron/gadgets/cmr/CmrParametricMappingGadget.cpp
Parsing: /gadgetron/gadgets/mri_core/generic_recon_gadgets/GenericReconPartialFourierHandlingGadget.cpp
Migrating: /gadgetron/gadgets/mri_core/generic_recon_gadgets/GenericReconPartialFourierHandlingGadget.cpp
Parsing: /gadgetron/apps/gadgetron/main.cpp
Migrating: /gadgetron/apps/gadgetron/main.cpp
Parsing: /gadgetron/test/hoNDArray_reductions_test.cpp
Migrating: /gadgetron/test/hoNDArray_reductions_test.cpp
Parsing: /gadgetron/core/distributed/Distributor.cpp
Migrating: /gadgetron/core/distributed/Distributor.cpp
Parsing: /gadgetron/core/io/from_string.cpp
Migrating: /gadgetron/core/io/from_string.cpp
Parsing: /gadgetron/toolboxes/nfft/cpu/hoNFFTOperator.cpp
Migrating: /gadgetron/toolboxes/nfft/cpu/hoNFFTOperator.cpp
Parsing: /gadgetron/apps/gadgetron/connection/Core.cpp
Migrating: /gadgetron/apps/gadgetron/connection/Core.cpp
Parsing: /gadgetron/test/from_string_test.cpp
Migrating: /gadgetron/test/from_string_test.cpp
Parsing: /gadgetron/toolboxes/operators/cpu/hoSPIRIT3DOperator.cpp
Migrating: /gadgetron/toolboxes/operators/cpu/hoSPIRIT3DOperator.cpp
Parsing: /gadgetron/gadgets/mri_core/AsymmetricEchoAdjustROGadget.cpp
Migrating: /gadgetron/gadgets/mri_core/AsymmetricEchoAdjustROGadget.cpp
Parsing: /gadgetron/gadgets/epi/CutXGadget.cpp
Migrating: /gadgetron/gadgets/epi/CutXGadget.cpp
Parsing: /gadgetron/toolboxes/operators/cpu/hoSPIRIT2DTOperator.cpp
Migrating: /gadgetron/toolboxes/operators/cpu/hoSPIRIT2DTOperator.cpp
Parsing: /gadgetron/toolboxes/core/cpu/math/cpp_blas.cpp
Migrating: /gadgetron/toolboxes/core/cpu/math/cpp_blas.cpp
Parsing: /gadgetron/test/ChannelAlgorithmsTest.cpp
Migrating: /gadgetron/test/ChannelAlgorithmsTest.cpp
Parsing: /gadgetron/gadgets/mri_core/ImageFFTGadget.cpp
Migrating: /gadgetron/gadgets/mri_core/ImageFFTGadget.cpp
Parsing: /gadgetron/apps/gadgetron/connection/nodes/common/External.cpp
Migrating: /gadgetron/apps/gadgetron/connection/nodes/common/External.cpp
Parsing: /gadgetron/toolboxes/core/cpu/math/hoNDArray_elemwise.cpp
Migrating: /gadgetron/toolboxes/core/cpu/math/hoNDArray_elemwise.cpp
Parsing: /gadgetron/toolboxes/cmr/cmr_spirit_recon.cpp
Migrating: /gadgetron/toolboxes/cmr/cmr_spirit_recon.cpp
Parsing: /gadgetron/apps/standalone/gpu/mri/sense/noncartesian/generic_cg.cpp
Migrating: /gadgetron/apps/standalone/gpu/mri/sense/noncartesian/generic_cg.cpp
Parsing: /gadgetron/gadgets/mri_core/AcquisitionAccumulateTriggerGadget.cpp
Migrating: /gadgetron/gadgets/mri_core/AcquisitionAccumulateTriggerGadget.cpp
Parsing: /gadgetron/core/writers/IsmrmrdImageArrayWriter.cpp
Migrating: /gadgetron/core/writers/IsmrmrdImageArrayWriter.cpp
Parsing: /gadgetron/apps/standalone/gpu/deblurring/2d/blur_2d.cpp
Migrating: /gadgetron/apps/standalone/gpu/deblurring/2d/blur_2d.cpp
Parsing: /gadgetron/test/cuNDArray_operators_test.cpp
Migrating: /gadgetron/test/cuNDArray_operators_test.cpp
Parsing: /gadgetron/gadgets/mri_core/generic_recon_gadgets/GenericReconCartesianGrappaGadget.cpp
Migrating: /gadgetron/gadgets/mri_core/generic_recon_gadgets/GenericReconCartesianGrappaGadget.cpp
Parsing: /gadgetron/toolboxes/cmr/cmr_motion_correction.cpp
Migrating: /gadgetron/toolboxes/cmr/cmr_motion_correction.cpp
Parsing: /gadgetron/gadgets/debugging/PseudoReplicatorGadget.cpp
Migrating: /gadgetron/gadgets/debugging/PseudoReplicatorGadget.cpp
Parsing: /gadgetron/toolboxes/mri/sdc/cpu/hoSDC.cpp
Migrating: /gadgetron/toolboxes/mri/sdc/cpu/hoSDC.cpp
Parsing: /gadgetron/test/hoNDArray_elemwise_test.cpp
Migrating: /gadgetron/test/hoNDArray_elemwise_test.cpp
Parsing: /gadgetron/gadgets/cmr/PureCmrCartesianKSpaceBinningCineGadget.cpp
Migrating: /gadgetron/gadgets/cmr/PureCmrCartesianKSpaceBinningCineGadget.cpp
Parsing: /gadgetron/gadgets/grappa/SliceAccumulator.cpp
Migrating: /gadgetron/gadgets/grappa/SliceAccumulator.cpp
Parsing: /gadgetron/gadgets/grappa/ImageAccumulator.cpp
Migrating: /gadgetron/gadgets/grappa/ImageAccumulator.cpp
Parsing: /gadgetron/gadgets/examples/ImageInverter.cpp
Migrating: /gadgetron/gadgets/examples/ImageInverter.cpp
Parsing: /gadgetron/apps/gadgetron/test/socket_test.cpp
Migrating: /gadgetron/apps/gadgetron/test/socket_test.cpp
Parsing: /gadgetron/apps/standalone/gpu/mri/nfft/2d/main_nfft.cpp
Migrating: /gadgetron/apps/standalone/gpu/mri/nfft/2d/main_nfft.cpp
Parsing: /gadgetron/apps/gadgetron/Connection.cpp
Migrating: /gadgetron/apps/gadgetron/Connection.cpp
Parsing: /gadgetron/apps/standalone/gpu/deblurring/3d/deblur_3d_cg.cpp
Migrating: /gadgetron/apps/standalone/gpu/deblurring/3d/deblur_3d_cg.cpp
Parsing: /gadgetron/core/Response.cpp
Migrating: /gadgetron/core/Response.cpp
Parsing: /gadgetron/test/cmr_strain_test.cpp
Migrating: /gadgetron/test/cmr_strain_test.cpp
Parsing: /gadgetron/toolboxes/image/cpu/morphology.cpp
Migrating: /gadgetron/toolboxes/image/cpu/morphology.cpp
Parsing: /gadgetron/core/writers/ImageWriter.cpp
Migrating: /gadgetron/core/writers/ImageWriter.cpp
Parsing: /gadgetron/gadgets/cartesian/CartesianToGenericGadget.cpp
Migrating: /gadgetron/gadgets/cartesian/CartesianToGenericGadget.cpp
Parsing: /gadgetron/apps/gadgetron/connection/nodes/distributed/Pool.cpp
Migrating: /gadgetron/apps/gadgetron/connection/nodes/distributed/Pool.cpp
Parsing: /gadgetron/test/cmr_analytical_strain_test.cpp
Migrating: /gadgetron/test/cmr_analytical_strain_test.cpp
Parsing: /gadgetron/toolboxes/mri/pmri/gpu/cuSenseBufferCg.cpp
Migrating: /gadgetron/toolboxes/mri/pmri/gpu/cuSenseBufferCg.cpp
Parsing: /gadgetron/gadgets/mri_core/CoilReductionGadget.cpp
Migrating: /gadgetron/gadgets/mri_core/CoilReductionGadget.cpp
Parsing: /gadgetron/toolboxes/registration/optical_flow/cpu/hoLinearResampleOperator.cpp
Migrating: /gadgetron/toolboxes/registration/optical_flow/cpu/hoLinearResampleOperator.cpp
Parsing: /gadgetron/test/pattern_recognition_test.cpp
Migrating: /gadgetron/test/pattern_recognition_test.cpp
Parsing: /gadgetron/gadgets/mri_core/CompressedFloatBufferSse41.cpp
Migrating: /gadgetron/gadgets/mri_core/CompressedFloatBufferSse41.cpp
Parsing: /gadgetron/apps/gadgetron/connection/nodes/External.cpp
Migrating: /gadgetron/apps/gadgetron/connection/nodes/External.cpp
Parsing: /gadgetron/gadgets/radial/gpuRadialPrepGadget.cpp
Migrating: /gadgetron/gadgets/radial/gpuRadialPrepGadget.cpp
Parsing: /gadgetron/gadgets/hyper/gpuCSICoilEstimationGadget.cpp
Migrating: /gadgetron/gadgets/hyper/gpuCSICoilEstimationGadget.cpp
Parsing: /gadgetron/test/hoNDFFT_test.cpp
Migrating: /gadgetron/test/hoNDFFT_test.cpp
Parsing: /gadgetron/toolboxes/mri/pmri/gpu/cuSpiritBuffer.cpp
Migrating: /gadgetron/toolboxes/mri/pmri/gpu/cuSpiritBuffer.cpp
Parsing: /gadgetron/toolboxes/dwt/cpu/hoNDHarrWavelet.cpp
Migrating: /gadgetron/toolboxes/dwt/cpu/hoNDHarrWavelet.cpp
Parsing: /gadgetron/toolboxes/registration/optical_flow/cpu/hoHSOpticalFlowSolver.cpp
Migrating: /gadgetron/toolboxes/registration/optical_flow/cpu/hoHSOpticalFlowSolver.cpp
Parsing: /gadgetron/gadgets/mri_core/ImageAccumulatorGadget.cpp
Migrating: /gadgetron/gadgets/mri_core/ImageAccumulatorGadget.cpp
Parsing: /gadgetron/gadgets/mri_core/IsmrmrdDumpGadget.cpp
Migrating: /gadgetron/gadgets/mri_core/IsmrmrdDumpGadget.cpp
Parsing: /gadgetron/toolboxes/denoise/non_local_bayes.cpp
Migrating: /gadgetron/toolboxes/denoise/non_local_bayes.cpp
Parsing: /gadgetron/gadgets/hyper/CMRT3DGadget.cpp
Migrating: /gadgetron/gadgets/hyper/CMRT3DGadget.cpp
Parsing: /gadgetron/gadgets/dicom/DicomImageWriter.cpp
Migrating: /gadgetron/gadgets/dicom/DicomImageWriter.cpp
Parsing: /gadgetron/apps/gadgetron/system_info.cpp
Migrating: /gadgetron/apps/gadgetron/system_info.cpp
Parsing: /gadgetron/toolboxes/dwt/cpu/hoNDRedundantWavelet.cpp
Migrating: /gadgetron/toolboxes/dwt/cpu/hoNDRedundantWavelet.cpp
Parsing: /gadgetron/apps/standalone/gpu/mri/sense/noncartesian/radial/2d_golden_ratio/main_gpbb.cpp
Migrating: /gadgetron/apps/standalone/gpu/mri/sense/noncartesian/radial/2d_golden_ratio/main_gpbb.cpp
Parsing: /gadgetron/apps/gadgetron/connection/config/Config.cpp
Migrating: /gadgetron/apps/gadgetron/connection/config/Config.cpp
Parsing: /gadgetron/core/IsmrmrdContextVariables.cpp
Migrating: /gadgetron/core/IsmrmrdContextVariables.cpp
Parsing: /gadgetron/apps/gadgetron/connection/nodes/Parallel.cpp
Migrating: /gadgetron/apps/gadgetron/connection/nodes/Parallel.cpp
Parsing: /gadgetron/apps/clients/gadgetron_ismrmrd_client/gadgetron_ismrmrd_client.cpp
Migrating: /gadgetron/apps/clients/gadgetron_ismrmrd_client/gadgetron_ismrmrd_client.cpp
Parsing: /gadgetron/apps/standalone/gpu/mri/nfft/2d/main_cg.cpp
Migrating: /gadgetron/apps/standalone/gpu/mri/nfft/2d/main_cg.cpp
Parsing: /gadgetron/toolboxes/fatwater/correct_frequency_shift.cpp
Migrating: /gadgetron/toolboxes/fatwater/correct_frequency_shift.cpp
Parsing: /gadgetron/gadgets/mri_core/generic_recon_gadgets/GenericReconNoiseStdMapComputingGadget.cpp
Migrating: /gadgetron/gadgets/mri_core/generic_recon_gadgets/GenericReconNoiseStdMapComputingGadget.cpp
Parsing: /gadgetron/gadgets/mri_core/CropAndCombineGadget.cpp
Migrating: /gadgetron/gadgets/mri_core/CropAndCombineGadget.cpp
Parsing: /gadgetron/toolboxes/mri_core/mri_core_dependencies.cpp
Migrating: /gadgetron/toolboxes/mri_core/mri_core_dependencies.cpp
Parsing: /gadgetron/gadgets/mri_core/ImageResizingGadget.cpp
Migrating: /gadgetron/gadgets/mri_core/ImageResizingGadget.cpp
Parsing: /gadgetron/gadgets/mri_core/PhysioInterpolationGadget.cpp
Migrating: /gadgetron/gadgets/mri_core/PhysioInterpolationGadget.cpp
Parsing: /gadgetron/apps/gadgetron/connection/nodes/external/Matlab.cpp
Migrating: /gadgetron/apps/gadgetron/connection/nodes/external/Matlab.cpp
Parsing: /gadgetron/gadgets/mri_core/generic_recon_gadgets/GenericReconImageArrayScalingGadget.cpp
Migrating: /gadgetron/gadgets/mri_core/generic_recon_gadgets/GenericReconImageArrayScalingGadget.cpp
Parsing: /gadgetron/gadgets/dicom/dicom_ismrmrd_utility.cpp
Migrating: /gadgetron/gadgets/dicom/dicom_ismrmrd_utility.cpp
Parsing: /gadgetron/apps/gadgetron/connection/Loader.cpp
Migrating: /gadgetron/apps/gadgetron/connection/Loader.cpp
Parsing: /gadgetron/core/LegacyACE.cpp
Migrating: /gadgetron/core/LegacyACE.cpp
Parsing: /gadgetron/gadgets/radial/gpuRadialSensePrepGadget.cpp
Migrating: /gadgetron/gadgets/radial/gpuRadialSensePrepGadget.cpp
Parsing: /gadgetron/apps/gadgetron/connection/nodes/common/Discovery.cpp
Migrating: /gadgetron/apps/gadgetron/connection/nodes/common/Discovery.cpp
Parsing: /gadgetron/apps/standalone/gpu/mri/sense/noncartesian/radial/2d_golden_ratio_kt/main.cpp
Migrating: /gadgetron/apps/standalone/gpu/mri/sense/noncartesian/radial/2d_golden_ratio_kt/main.cpp
Parsing: /gadgetron/gadgets/moco/gpuRegistrationAveragingGadget.cpp
Migrating: /gadgetron/gadgets/moco/gpuRegistrationAveragingGadget.cpp
Parsing: /gadgetron/apps/standalone/gpu/mri/nfft/ms2d/nffth_generic.cpp
Migrating: /gadgetron/apps/standalone/gpu/mri/nfft/ms2d/nffth_generic.cpp
Parsing: /gadgetron/test/image_morphology_test.cpp
Migrating: /gadgetron/test/image_morphology_test.cpp
Parsing: /gadgetron/gadgets/hyper/CSIGadget.cpp
Migrating: /gadgetron/gadgets/hyper/CSIGadget.cpp
Parsing: /gadgetron/toolboxes/core/gpu/hoCuNDArray_blas.cpp
Migrating: /gadgetron/toolboxes/core/gpu/hoCuNDArray_blas.cpp
Parsing: /gadgetron/gadgets/mri_core/ExtractGadget.cpp
Migrating: /gadgetron/gadgets/mri_core/ExtractGadget.cpp
Parsing: /gadgetron/apps/gadgetron/connection/VoidConnection.cpp
Migrating: /gadgetron/apps/gadgetron/connection/VoidConnection.cpp
Parsing: /gadgetron/toolboxes/mri_core/mri_core_grappa.cpp
Migrating: /gadgetron/toolboxes/mri_core/mri_core_grappa.cpp
Parsing: /gadgetron/gadgets/radial/gpuRetroGatedSensePrepGadget.cpp
Migrating: /gadgetron/gadgets/radial/gpuRetroGatedSensePrepGadget.cpp
Parsing: /gadgetron/test/cuNDArray_blas_test.cpp
Migrating: /gadgetron/test/cuNDArray_blas_test.cpp
Parsing: /gadgetron/gadgets/mri_core/PCACoilGadget.cpp
Migrating: /gadgetron/gadgets/mri_core/PCACoilGadget.cpp
Parsing: /gadgetron/gadgets/mri_core/dependencyquery/DependencyQueryGadget.cpp
Migrating: /gadgetron/gadgets/mri_core/dependencyquery/DependencyQueryGadget.cpp
Parsing: /gadgetron/gadgets/mri_core/ComplexToFloatGadget.cpp
Migrating: /gadgetron/gadgets/mri_core/ComplexToFloatGadget.cpp
Parsing: /gadgetron/gadgets/mri_core/ImageIndexGadget.cpp
Migrating: /gadgetron/gadgets/mri_core/ImageIndexGadget.cpp
Parsing: /gadgetron/toolboxes/mri_core/mri_core_stream.cpp
Migrating: /gadgetron/toolboxes/mri_core/mri_core_stream.cpp
Parsing: /gadgetron/test/hoNDWavelet_test.cpp
Migrating: /gadgetron/test/hoNDWavelet_test.cpp
Parsing: /gadgetron/test/hoNDArray_linalg_test.cpp
Migrating: /gadgetron/test/hoNDArray_linalg_test.cpp
Parsing: /gadgetron/gadgets/mri_core/NoiseAdjustGadget_unoptimized.cpp
Migrating: /gadgetron/gadgets/mri_core/NoiseAdjustGadget_unoptimized.cpp
Parsing: /gadgetron/gadgets/examples/ImageLayerer.cpp
Migrating: /gadgetron/gadgets/examples/ImageLayerer.cpp
Parsing: /gadgetron/test/cmr_mapping_test.cpp
Migrating: /gadgetron/test/cmr_mapping_test.cpp
Parsing: /gadgetron/toolboxes/mri/spiral/TrajectoryParameters.cpp
Migrating: /gadgetron/toolboxes/mri/spiral/TrajectoryParameters.cpp
Parsing: /gadgetron/apps/standalone/gpu/registration/2d/register_HS_2d.cpp
Migrating: /gadgetron/apps/standalone/gpu/registration/2d/register_HS_2d.cpp
Parsing: /gadgetron/gadgets/pmri/gpuCgSpiritGadget.cpp
Migrating: /gadgetron/gadgets/pmri/gpuCgSpiritGadget.cpp
Parsing: /gadgetron/toolboxes/core/cpu/math/hoNDArray_linalg.cpp
Migrating: /gadgetron/toolboxes/core/cpu/math/hoNDArray_linalg.cpp
Parsing: /gadgetron/toolboxes/cmr/cmr_radial_thickening.cpp
Migrating: /gadgetron/toolboxes/cmr/cmr_radial_thickening.cpp
Parsing: /gadgetron/apps/gadgetron/connection/ConfigConnection.cpp
Migrating: /gadgetron/apps/gadgetron/connection/ConfigConnection.cpp
Parsing: /gadgetron/apps/gadgetron/connection/nodes/common/Configuration.cpp
Migrating: /gadgetron/apps/gadgetron/connection/nodes/common/Configuration.cpp
Parsing: /gadgetron/toolboxes/fatwater/ImageGraph.cpp
Migrating: /gadgetron/toolboxes/fatwater/ImageGraph.cpp
Parsing: /gadgetron/core/writers/WaveformWriter.cpp
Migrating: /gadgetron/core/writers/WaveformWriter.cpp
Parsing: /gadgetron/gadgets/mri_core/generic_recon_gadgets/GenericReconBase.cpp
Migrating: /gadgetron/gadgets/mri_core/generic_recon_gadgets/GenericReconBase.cpp
Parsing: /gadgetron/gadgets/mri_core/generic_recon_gadgets/GenericReconCartesianNonLinearSpirit2DTGadget.cpp
Migrating: /gadgetron/gadgets/mri_core/generic_recon_gadgets/GenericReconCartesianNonLinearSpirit2DTGadget.cpp
Parsing: /gadgetron/gadgets/mri_core/DenoiseGadget.cpp
Migrating: /gadgetron/gadgets/mri_core/DenoiseGadget.cpp
Parsing: /gadgetron/gadgets/mri_core/MaxwellCorrectionGadget.cpp
Migrating: /gadgetron/gadgets/mri_core/MaxwellCorrectionGadget.cpp
Parsing: /gadgetron/apps/standalone/cpu/denoising/2d/denoise_TV.cpp
Migrating: /gadgetron/apps/standalone/cpu/denoising/2d/denoise_TV.cpp
Parsing: /gadgetron/gadgets/mri_core/generic_recon_gadgets/GenericImageReconGadget.cpp
Migrating: /gadgetron/gadgets/mri_core/generic_recon_gadgets/GenericImageReconGadget.cpp
Parsing: /gadgetron/toolboxes/operators/cpu/hoWaveletOperator.cpp
Migrating: /gadgetron/toolboxes/operators/cpu/hoWaveletOperator.cpp
Parsing: /gadgetron/toolboxes/fft/cpu/hoNDFFT.cpp
Migrating: /gadgetron/toolboxes/fft/cpu/hoNDFFT.cpp
Parsing: /gadgetron/gadgets/epi/FFTXGadget.cpp
Migrating: /gadgetron/gadgets/epi/FFTXGadget.cpp
Parsing: /gadgetron/gadgets/radial/RadialPhaseCorrectionGadget.cpp
Migrating: /gadgetron/gadgets/radial/RadialPhaseCorrectionGadget.cpp
Parsing: /gadgetron/core/parallel/Branch.cpp
Migrating: /gadgetron/core/parallel/Branch.cpp
Parsing: /gadgetron/gadgets/mri_core/generic_recon_gadgets/GenericReconCartesianFFTGadget.cpp
Migrating: /gadgetron/gadgets/mri_core/generic_recon_gadgets/GenericReconCartesianFFTGadget.cpp
Parsing: /gadgetron/core/readers/AcquisitionBucketReader.cpp
Migrating: /gadgetron/core/readers/AcquisitionBucketReader.cpp
Parsing: /gadgetron/gadgets/hyper/CMRTGadget.cpp
Migrating: /gadgetron/gadgets/hyper/CMRTGadget.cpp
Parsing: /gadgetron/gadgets/mri_core/SimpleReconGadget.cpp
Migrating: /gadgetron/gadgets/mri_core/SimpleReconGadget.cpp
Parsing: /gadgetron/gadgets/grappa/gpu/WeightsCore.cpp
Migrating: /gadgetron/gadgets/grappa/gpu/WeightsCore.cpp
Parsing: /gadgetron/apps/gadgetron/test/storage_test.cpp
Migrating: /gadgetron/apps/gadgetron/test/storage_test.cpp
Parsing: /gadgetron/toolboxes/fatwater/fatwater.cpp
Migrating: /gadgetron/toolboxes/fatwater/fatwater.cpp
Parsing: /gadgetron/apps/gadgetron/connection/nodes/ParallelProcess.cpp
Migrating: /gadgetron/apps/gadgetron/connection/nodes/ParallelProcess.cpp
Parsing: /gadgetron/apps/gadgetron/connection/SocketStreamBuf.cpp
Migrating: /gadgetron/apps/gadgetron/connection/SocketStreamBuf.cpp
Parsing: /gadgetron/apps/gadgetron/connection/SocketStreamBuf.cpp
Migrating: /gadgetron/apps/gadgetron/connection/SocketStreamBuf.cpp
Parsing: /gadgetron/test/hoNDArrayView_test.cpp
Migrating: /gadgetron/test/hoNDArrayView_test.cpp
Parsing: /gadgetron/gadgets/cmr/CmrCartesianKSpaceBinningCineGadget.cpp
Migrating: /gadgetron/gadgets/cmr/CmrCartesianKSpaceBinningCineGadget.cpp
Parsing: /gadgetron/core/writers/TextWriter.cpp
Migrating: /gadgetron/core/writers/TextWriter.cpp
Parsing: /gadgetron/toolboxes/operators/cpu/hoSPIRIT2DOperator.cpp
Migrating: /gadgetron/toolboxes/operators/cpu/hoSPIRIT2DOperator.cpp
Parsing: /gadgetron/toolboxes/core/cpu/math/hoNDArray_reductions.cpp
Migrating: /gadgetron/toolboxes/core/cpu/math/hoNDArray_reductions.cpp
Parsing: /gadgetron/toolboxes/nfft/gpu/cuNFFTOperator.cpp
Migrating: /gadgetron/toolboxes/nfft/gpu/cuNFFTOperator.cpp
Parsing: /gadgetron/gadgets/radial/gpuRadialSpiritPrepGadget.cpp
Migrating: /gadgetron/gadgets/radial/gpuRadialSpiritPrepGadget.cpp
Parsing: /gadgetron/core/readers/AcquisitionReader.cpp
Migrating: /gadgetron/core/readers/AcquisitionReader.cpp
Parsing: /gadgetron/toolboxes/core/cpu/hostutils/network_utils.cpp
Migrating: /gadgetron/toolboxes/core/cpu/hostutils/network_utils.cpp
Parsing: /gadgetron/apps/standalone/gpu/mri/sense/noncartesian/radial/2d_golden_ratio/main_sbc.cpp
Migrating: /gadgetron/apps/standalone/gpu/mri/sense/noncartesian/radial/2d_golden_ratio/main_sbc.cpp
Parsing: /gadgetron/apps/gadgetron/connection/nodes/PureStream.cpp
Migrating: /gadgetron/apps/gadgetron/connection/nodes/PureStream.cpp
Parsing: /gadgetron/gadgets/mri_core/NoiseAdjustGadget.cpp
Migrating: /gadgetron/gadgets/mri_core/NoiseAdjustGadget.cpp
Parsing: /gadgetron/test/threadpool_test.cpp
Migrating: /gadgetron/test/threadpool_test.cpp
Parsing: /gadgetron/test/hoSDC_test.cpp
Migrating: /gadgetron/test/hoSDC_test.cpp
Parsing: /gadgetron/toolboxes/operators/cpu/hoWavelet1DOperator.cpp
Migrating: /gadgetron/toolboxes/operators/cpu/hoWavelet1DOperator.cpp
Parsing: /gadgetron/toolboxes/core/cpu/math/cpp_lapack.cpp
Migrating: /gadgetron/toolboxes/core/cpu/math/cpp_lapack.cpp
Parsing: /gadgetron/toolboxes/cmr/cmr_kspace_binning.cpp
Migrating: /gadgetron/toolboxes/cmr/cmr_kspace_binning.cpp
Parsing: /gadgetron/gadgets/spiral/SpiralToGenericGadget.cpp
Migrating: /gadgetron/gadgets/spiral/SpiralToGenericGadget.cpp
Parsing: /gadgetron/core/parallel/Fanout.cpp
Migrating: /gadgetron/core/parallel/Fanout.cpp
Parsing: /gadgetron/gadgets/debugging/RateLimitGadget.cpp
Migrating: /gadgetron/gadgets/debugging/RateLimitGadget.cpp
Parsing: /gadgetron/toolboxes/dwt/cpu/hoNDWavelet.cpp
Migrating: /gadgetron/toolboxes/dwt/cpu/hoNDWavelet.cpp
Parsing: /gadgetron/gadgets/mri_core/AutoScaleGadget.cpp
Migrating: /gadgetron/gadgets/mri_core/AutoScaleGadget.cpp
Parsing: /gadgetron/apps/gadgetron/connection/nodes/PureDistributed.cpp
Migrating: /gadgetron/apps/gadgetron/connection/nodes/PureDistributed.cpp
Parsing: /gadgetron/apps/gadgetron/connection/nodes/common/Serialization.cpp
Migrating: /gadgetron/apps/gadgetron/connection/nodes/common/Serialization.cpp
Parsing: /gadgetron/gadgets/grappa/cpu/WeightsCore.cpp
Migrating: /gadgetron/gadgets/grappa/cpu/WeightsCore.cpp
Parsing: /gadgetron/toolboxes/registration/optical_flow/cpu/hoOpticalFlowSolver.cpp
Migrating: /gadgetron/toolboxes/registration/optical_flow/cpu/hoOpticalFlowSolver.cpp
Parsing: /gadgetron/test/hoNDArray_blas_test.cpp
Migrating: /gadgetron/test/hoNDArray_blas_test.cpp
Parsing: /gadgetron/gadgets/pmri/gpuCgSenseGadget.cpp
Migrating: /gadgetron/gadgets/pmri/gpuCgSenseGadget.cpp
Parsing: /gadgetron/toolboxes/fatwater/bounded_field_map.cpp
Migrating: /gadgetron/toolboxes/fatwater/bounded_field_map.cpp
Parsing: /gadgetron/gadgets/epi/EPIPackNavigatorGadget.cpp
Migrating: /gadgetron/gadgets/epi/EPIPackNavigatorGadget.cpp
Parsing: /gadgetron/gadgets/grappa/ChannelReorderer.cpp
Migrating: /gadgetron/gadgets/grappa/ChannelReorderer.cpp
Parsing: /gadgetron/core/Gadget.cpp
Migrating: /gadgetron/core/Gadget.cpp
Parsing: /gadgetron/toolboxes/registration/demons/demons_registration.cpp
Migrating: /gadgetron/toolboxes/registration/demons/demons_registration.cpp
Parsing: /gadgetron/gadgets/mri_core/CoilComputationGadget.cpp
Migrating: /gadgetron/gadgets/mri_core/CoilComputationGadget.cpp
Parsing: /gadgetron/gadgets/mri_core/FlagTriggerGadget.cpp
Migrating: /gadgetron/gadgets/mri_core/FlagTriggerGadget.cpp
Parsing: /gadgetron/gadgets/mri_core/readers/MRIImageReader.cpp
Migrating: /gadgetron/gadgets/mri_core/readers/MRIImageReader.cpp
Parsing: /gadgetron/apps/gadgetron/connection/core/Processable.cpp
Migrating: /gadgetron/apps/gadgetron/connection/core/Processable.cpp
Parsing: /gadgetron/gadgets/mri_core/FlowPhaseSubtractionGadget.cpp
Migrating: /gadgetron/gadgets/mri_core/FlowPhaseSubtractionGadget.cpp
Parsing: /gadgetron/core/distributed/AcquisitionDistributor.cpp
Migrating: /gadgetron/core/distributed/AcquisitionDistributor.cpp
Parsing: /gadgetron/toolboxes/fft/gpu/cuNDFFT.cpp
Migrating: /gadgetron/toolboxes/fft/gpu/cuNDFFT.cpp
Parsing: /gadgetron/apps/gadgetron/initialization.cpp
Migrating: /gadgetron/apps/gadgetron/initialization.cpp
Parsing: /gadgetron/toolboxes/pattern_recognition/pr_kmeans.cpp
Migrating: /gadgetron/toolboxes/pattern_recognition/pr_kmeans.cpp
Parsing: /gadgetron/toolboxes/fatwater/graph_cut.cpp
Migrating: /gadgetron/toolboxes/fatwater/graph_cut.cpp
Parsing: /gadgetron/toolboxes/image_io/ImageIOAnalyze.cpp
Migrating: /gadgetron/toolboxes/image_io/ImageIOAnalyze.cpp
Parsing: /gadgetron/apps/gadgetron/connection/nodes/external/Julia.cpp
Migrating: /gadgetron/apps/gadgetron/connection/nodes/external/Julia.cpp
Parsing: /gadgetron/gadgets/epi/EPICorrGadget.cpp
Migrating: /gadgetron/gadgets/epi/EPICorrGadget.cpp
Parsing: /gadgetron/core/readers/WaveformReader.cpp
Migrating: /gadgetron/core/readers/WaveformReader.cpp
Parsing: /gadgetron/toolboxes/log/log.cpp
Migrating: /gadgetron/toolboxes/log/log.cpp
Parsing: /gadgetron/toolboxes/operators/cpu/hoWavelet3DOperator.cpp
Migrating: /gadgetron/toolboxes/operators/cpu/hoWavelet3DOperator.cpp
Parsing: /gadgetron/toolboxes/mri_core/mri_core_kspace_filter.cpp
Migrating: /gadgetron/toolboxes/mri_core/mri_core_kspace_filter.cpp
Parsing: /gadgetron/gadgets/mri_core/generic_recon_gadgets/GenericReconPartialFourierHandlingPOCSGadget.cpp
Migrating: /gadgetron/gadgets/mri_core/generic_recon_gadgets/GenericReconPartialFourierHandlingPOCSGadget.cpp
Parsing: /gadgetron/gadgets/mri_core/generic_recon_gadgets/GenericReconReferenceKSpaceDelayedBufferGadget.cpp
Migrating: /gadgetron/gadgets/mri_core/generic_recon_gadgets/GenericReconReferenceKSpaceDelayedBufferGadget.cpp
Parsing: /gadgetron/gadgets/mri_noncartesian/GriddingReconGadget.cpp
Migrating: /gadgetron/gadgets/mri_noncartesian/GriddingReconGadget.cpp
Parsing: /gadgetron/gadgets/mri_core/generic_recon_gadgets/GenericImageReconArrayToImageGadget.cpp
Migrating: /gadgetron/gadgets/mri_core/generic_recon_gadgets/GenericImageReconArrayToImageGadget.cpp
Parsing: /gadgetron/gadgets/fatwater/FatWaterGadget.cpp
Migrating: /gadgetron/gadgets/fatwater/FatWaterGadget.cpp
Parsing: /gadgetron/apps/standalone/gpu/mri/sense/noncartesian/radial/2d_golden_ratio/main_cg.cpp
Migrating: /gadgetron/apps/standalone/gpu/mri/sense/noncartesian/radial/2d_golden_ratio/main_cg.cpp
Parsing: /gadgetron/test/core_primitive_io_test.cpp
Migrating: /gadgetron/test/core_primitive_io_test.cpp
Parsing: /gadgetron/gadgets/moco/cpuRegistrationAveragingGadget.cpp
Migrating: /gadgetron/gadgets/moco/cpuRegistrationAveragingGadget.cpp
Parsing: /gadgetron/apps/gadgetron/storage.cpp
Migrating: /gadgetron/apps/gadgetron/storage.cpp
Parsing: /gadgetron/apps/gadgetron/storage.cpp
Migrating: /gadgetron/apps/gadgetron/storage.cpp
Parsing: /gadgetron/test/gadgets/AcquisitionAccumulateTrigget_test.cpp
Migrating: /gadgetron/test/gadgets/AcquisitionAccumulateTrigget_test.cpp
Parsing: /gadgetron/apps/gadgetron/connection/nodes/common/ExternalChannel.cpp
Migrating: /gadgetron/apps/gadgetron/connection/nodes/common/ExternalChannel.cpp
Parsing: /gadgetron/gadgets/mri_core/writers/MRIImageWriter.cpp
Migrating: /gadgetron/gadgets/mri_core/writers/MRIImageWriter.cpp
Parsing: /gadgetron/gadgets/mri_core/writers/GadgetIsmrmrdWriter.cpp
Migrating: /gadgetron/gadgets/mri_core/writers/GadgetIsmrmrdWriter.cpp
Processed 62 file(s) in -in-root folder "/gadgetron"

See Diagnostics Reference to resolve warnings and complete the migration:
https://www.intel.com/content/www/us/en/docs/dpcpp-compatibility-tool/developer-guide-reference/current/diagnostics-reference.html

